Archive member included to satisfy reference by file (symbol)

app/libapp.a(main.c.obj)      (--whole-archive)
app/libapp.a(wrapper.c.obj)   (--whole-archive)
zephyr/libzephyr.a(validate_libc.c.obj)
                              (--whole-archive)
zephyr/libzephyr.a(heap.c.obj)
                              (--whole-archive)
zephyr/libzephyr.a(cbprintf_packaged.c.obj)
                              (--whole-archive)
zephyr/libzephyr.a(clock.c.obj)
                              (--whole-archive)
zephyr/libzephyr.a(printk.c.obj)
                              (--whole-archive)
zephyr/libzephyr.a(sem.c.obj)
                              (--whole-archive)
zephyr/libzephyr.a(thread_entry.c.obj)
                              (--whole-archive)
zephyr/libzephyr.a(cbprintf_complete.c.obj)
                              (--whole-archive)
zephyr/libzephyr.a(cbprintf.c.obj)
                              (--whole-archive)
zephyr/libzephyr.a(assert.c.obj)
                              (--whole-archive)
zephyr/libzephyr.a(dec.c.obj)
                              (--whole-archive)
zephyr/libzephyr.a(hex.c.obj)
                              (--whole-archive)
zephyr/libzephyr.a(rb.c.obj)  (--whole-archive)
zephyr/libzephyr.a(set.c.obj)
                              (--whole-archive)
zephyr/libzephyr.a(timeutil.c.obj)
                              (--whole-archive)
zephyr/libzephyr.a(bitarray.c.obj)
                              (--whole-archive)
zephyr/libzephyr.a(bitmask.c.obj)
                              (--whole-archive)
zephyr/libzephyr.a(getopt.c.obj)
                              (--whole-archive)
zephyr/libzephyr.a(getopt_common.c.obj)
                              (--whole-archive)
zephyr/libzephyr.a(ring_buffer.c.obj)
                              (--whole-archive)
zephyr/libzephyr.a(configs.c.obj)
                              (--whole-archive)
zephyr/libzephyr.a(tracing_none.c.obj)
                              (--whole-archive)
zephyr/arch/common/libarch__common.a(init.c.obj)
                              (--whole-archive)
zephyr/arch/arch/posix/core/libarch__posix__core.a(cpuhalt.c.obj)
                              (--whole-archive)
zephyr/arch/arch/posix/core/libarch__posix__core.a(fatal.c.obj)
                              (--whole-archive)
zephyr/arch/arch/posix/core/libarch__posix__core.a(irq.c.obj)
                              (--whole-archive)
zephyr/arch/arch/posix/core/libarch__posix__core.a(swap.c.obj)
                              (--whole-archive)
zephyr/arch/arch/posix/core/libarch__posix__core.a(thread.c.obj)
                              (--whole-archive)
zephyr/arch/arch/posix/core/libarch__posix__core.a(posix_core_nsi.c.obj)
                              (--whole-archive)
zephyr/soc/soc/native/libsoc__native__inf_clock.a(soc.c.obj)
                              (--whole-archive)
zephyr/soc/soc/native/libsoc__native__inf_clock.a(native_tasks.c.obj)
                              (--whole-archive)
zephyr/soc/soc/native/libsoc__native__inf_clock.a(native_remap.c.obj)
                              (--whole-archive)
zephyr/boards/native/native_sim/libboards__native__native_sim.a(cmdline.c.obj)
                              (--whole-archive)
zephyr/boards/native/native_sim/libboards__native__native_sim.a(cpu_wait.c.obj)
                              (--whole-archive)
zephyr/boards/native/native_sim/libboards__native__native_sim.a(nsi_if.c.obj)
                              (--whole-archive)
zephyr/boards/native/native_sim/libboards__native__native_sim.a(irq_handler.c.obj)
                              (--whole-archive)
zephyr/boards/native/native_sim/libboards__native__native_sim.a(misc.c.obj)
                              (--whole-archive)
zephyr/boards/native/native_sim/libboards__native__native_sim.a(posix_arch_if.c.obj)
                              (--whole-archive)
zephyr/drivers/console/libdrivers__console.a(posix_arch_console.c.obj)
                              (--whole-archive)
zephyr/drivers/gpio/libdrivers__gpio.a(gpio_emul.c.obj)
                              (--whole-archive)
zephyr/drivers/i2c/libdrivers__i2c.a(i2c_common.c.obj)
                              (--whole-archive)
zephyr/drivers/timer/libdrivers__timer.a(sys_clock_init.c.obj)
                              (--whole-archive)
zephyr/drivers/timer/libdrivers__timer.a(native_sim_timer.c.obj)
                              (--whole-archive)
zephyr/kernel/libkernel.a(busy_wait.c.obj)
                              app/libapp.a(wrapper.c.obj) (z_impl_k_busy_wait)
zephyr/kernel/libkernel.a(device.c.obj)
                              app/libapp.a(wrapper.c.obj) (z_impl_device_init)
zephyr/kernel/libkernel.a(fatal.c.obj)
                              app/libapp.a(main.c.obj) (z_fatal_error)
zephyr/kernel/libkernel.a(init.c.obj)
                              app/libapp.a(wrapper.c.obj) (z_sys_post_kernel)
zephyr/kernel/libkernel.a(float.c.obj)
                              app/libapp.a(wrapper.c.obj) (z_impl_k_float_disable)
[...]
Memory Configuration

Name             Origin             Length             Attributes
*default*        0x0000000000000000 0xffffffffffffffff

Linker script and memory map


.note.gnu.build-id
 *(SORT_BY_ALIGNMENT(.note.gnu.build-id))

.interp
 *(SORT_BY_ALIGNMENT(.interp))

.hash
 *(SORT_BY_ALIGNMENT(.hash))

.gnu.hash
 *(SORT_BY_ALIGNMENT(.gnu.hash))

.dynsym
 *(SORT_BY_ALIGNMENT(.dynsym))

.dynstr
 *(SORT_BY_ALIGNMENT(.dynstr))

.gnu.version
 *(SORT_BY_ALIGNMENT(.gnu.version))

.gnu.version_d
 *(SORT_BY_ALIGNMENT(.gnu.version_d))

.gnu.version_r
 *(SORT_BY_ALIGNMENT(.gnu.version_r))

.rela.init
 *(SORT_BY_ALIGNMENT(.rela.init))

.rela.text
 *(SORT_BY_ALIGNMENT(.rela.text))

.rela.fini
 *(SORT_BY_ALIGNMENT(.rela.fini))

.rela.rodata
 *(SORT_BY_ALIGNMENT(.rela.rodata))

.rela.data.rel.ro
 *(SORT_BY_ALIGNMENT(.rela.data.rel.ro))

.rela.data
 *(SORT_BY_ALIGNMENT(.rela.data))

.rela.tdata
 *(SORT_BY_ALIGNMENT(.rela.tdata))

.rela.tbss
 *(SORT_BY_ALIGNMENT(.rela.tbss))

.rela.ctors
 *(SORT_BY_ALIGNMENT(.rela.ctors))

.rela.dtors
 *(SORT_BY_ALIGNMENT(.rela.dtors))

.rela.got
 *(SORT_BY_ALIGNMENT(.rela.got))

.rela.bss
 *(SORT_BY_ALIGNMENT(.rela.bss))

.rela.ifunc
 *(SORT_BY_ALIGNMENT(.rela.ifunc))

.rela.plt
 *(SORT_BY_ALIGNMENT(.rela.plt))

.relr.dyn
 *(SORT_BY_ALIGNMENT(.relr.dyn))

.init
 *(SORT_NONE(.init))

.plt
 *(SORT_BY_ALIGNMENT(.plt))

.text
 *(SORT_BY_ALIGNMENT(.text) SORT_BY_ALIGNMENT(.stub))
 *(SORT_BY_ALIGNMENT(.gnu.warning))

.text._OffsetAbsSyms
                0x0000000000000000        0x4
 .text._OffsetAbsSyms
                0x0000000000000000        0x4 zephyr/CMakeFiles/offsets.dir/./arch/posix/core/offsets/offsets.c.obj
                0x0000000000000000                _OffsetAbsSyms

.text.main      0x0000000000000000       0x18
 .text.main     0x0000000000000000       0x18 app/libapp.a(main.c.obj)
                0x0000000000000000                main

.text.rust_panic_wrap
                0x0000000000000000       0x30
 .text.rust_panic_wrap
                0x0000000000000000       0x30 app/libapp.a(main.c.obj)
                0x0000000000000000                rust_panic_wrap

.text.k_str_out__extern
                0x0000000000000000        0x4
 .text.k_str_out__extern
                0x0000000000000000        0x4 app/libapp.a(wrapper.c.obj)
                0x0000000000000000                k_str_out__extern

.text.chunk_size
                0x0000000000000000       0x14
 .text.chunk_size
                0x0000000000000000       0x14 zephyr/libzephyr.a(heap.c.obj)

.text.free_list_add
                0x0000000000000000       0x98
 .text.free_list_add
                0x0000000000000000       0x98 zephyr/libzephyr.a(heap.c.obj)

.text.sys_heap_init
                0x0000000000000000       0xb0
 .text.sys_heap_init
                0x0000000000000000       0xb0 zephyr/libzephyr.a(heap.c.obj)
                0x0000000000000000                sys_heap_init

.text.arch_printk_char_out
                0x0000000000000000        0x8
 .text.arch_printk_char_out
                0x0000000000000000        0x8 zephyr/libzephyr.a(printk.c.obj)
                0x0000000000000000                arch_printk_char_out

.text.char_out  0x0000000000000000        0xc
 .text.char_out
                0x0000000000000000        0xc zephyr/libzephyr.a(printk.c.obj)

.text.__printk_hook_install
                0x0000000000000000        0xc
 .text.__printk_hook_install
                0x0000000000000000        0xc zephyr/libzephyr.a(printk.c.obj)
                0x0000000000000000                __printk_hook_install

.text.vprintk   0x0000000000000000       0x38
 .text.vprintk  0x0000000000000000       0x38 zephyr/libzephyr.a(printk.c.obj)
                0x0000000000000000                vprintk

.text.z_impl_k_str_out
                0x0000000000000000       0x44
 .text.z_impl_k_str_out
                0x0000000000000000       0x44 zephyr/libzephyr.a(printk.c.obj)
                0x0000000000000000                z_impl_k_str_out

.text.printk    0x0000000000000000       0xa4
 .text.printk   0x0000000000000000       0xa4 zephyr/libzephyr.a(printk.c.obj)
                0x0000000000000000                printk

.text.z_thread_entry
                0x0000000000000000       0x3c
 .text.z_thread_entry
                0x0000000000000000       0x3c zephyr/libzephyr.a(thread_entry.c.obj)
                0x0000000000000000                z_thread_entry

.text.extract_decimal
                0x0000000000000000       0x50
 .text.extract_decimal
                0x0000000000000000       0x50 zephyr/libzephyr.a(cbprintf_complete.c.obj)

.text.encode_uint
                0x0000000000000000      0x104
 .text.encode_uint
                0x0000000000000000      0x104 zephyr/libzephyr.a(cbprintf_complete.c.obj)

.text.z_cbvprintf_impl
                0x0000000000000000      0xbe4
 .text.z_cbvprintf_impl
                0x0000000000000000      0xbe4 zephyr/libzephyr.a(cbprintf_complete.c.obj)
                0x0000000000000000                z_cbvprintf_impl

.text.assert_print
                0x0000000000000000       0xa4
 .text.assert_print
                0x0000000000000000       0xa4 zephyr/libzephyr.a(assert.c.obj)
                0x0000000000000000                assert_print

.text._ConfigAbsSyms
                0x0000000000000000        0x4
 .text._ConfigAbsSyms
                0x0000000000000000        0x4 zephyr/libzephyr.a(configs.c.obj)
                0x0000000000000000                _ConfigAbsSyms

.text.sys_trace_isr_enter
                0x0000000000000000        0x4
 .text.sys_trace_isr_enter
                0x0000000000000000        0x4 zephyr/libzephyr.a(tracing_none.c.obj)
                0x0000000000000000                sys_trace_isr_enter

.text.sys_trace_isr_exit
                0x0000000000000000        0x4
 .text.sys_trace_isr_exit
                0x0000000000000000        0x4 zephyr/libzephyr.a(tracing_none.c.obj)
                0x0000000000000000                sys_trace_isr_exit

.text.arch_cpu_idle
                0x0000000000000000       0x14
 .text.arch_cpu_idle
                0x0000000000000000       0x14 zephyr/arch/arch/posix/core/libarch__posix__core.a(cpuhalt.c.obj)
                0x0000000000000000                arch_cpu_idle

.text.arch_system_halt
                0x0000000000000000       0x2c
 .text.arch_system_halt
                0x0000000000000000       0x2c zephyr/arch/arch/posix/core/libarch__posix__core.a(fatal.c.obj)
                0x0000000000000000                arch_system_halt

.text.arch_irq_enable
                0x0000000000000000        0x4
 .text.arch_irq_enable
                0x0000000000000000        0x4 zephyr/arch/arch/posix/core/libarch__posix__core.a(irq.c.obj)
                0x0000000000000000                arch_irq_enable

.text.arch_swap
                0x0000000000000000       0x5c
 .text.arch_swap
                0x0000000000000000       0x5c zephyr/arch/arch/posix/core/libarch__posix__core.a(swap.c.obj)
                0x0000000000000000                arch_swap

.text.arch_switch_to_main_thread
                0x0000000000000000       0x1c
 .text.arch_switch_to_main_thread
                0x0000000000000000       0x1c zephyr/arch/arch/posix/core/libarch__posix__core.a(swap.c.obj)
                0x0000000000000000                arch_switch_to_main_thread

.text.arch_new_thread
                0x0000000000000000       0x3c
 .text.arch_new_thread
                0x0000000000000000       0x3c zephyr/arch/arch/posix/core/libarch__posix__core.a(thread.c.obj)
                0x0000000000000000                arch_new_thread

.text.posix_arch_thread_entry
                0x0000000000000000       0x20
 .text.posix_arch_thread_entry
                0x0000000000000000       0x20 zephyr/arch/arch/posix/core/libarch__posix__core.a(thread.c.obj)
                0x0000000000000000                posix_arch_thread_entry

.text.arch_coprocessors_disable
                0x0000000000000000        0x8
 .text.arch_coprocessors_disable
                0x0000000000000000        0x8 zephyr/arch/arch/posix/core/libarch__posix__core.a(thread.c.obj)
                0x0000000000000000                arch_coprocessors_disable

.text.z_impl_k_thread_abort
                0x0000000000000000       0x98
 .text.z_impl_k_thread_abort
                0x0000000000000000       0x98 zephyr/arch/arch/posix/core/libarch__posix__core.a(thread.c.obj)
                0x0000000000000000                z_impl_k_thread_abort

.text.posix_arch_init
                0x0000000000000000       0x24
 .text.posix_arch_init
                0x0000000000000000       0x24 zephyr/arch/arch/posix/core/libarch__posix__core.a(posix_core_nsi.c.obj)
                0x0000000000000000                posix_arch_init

.text.posix_arch_clean_up
                0x0000000000000000        0xc
 .text.posix_arch_clean_up
                0x0000000000000000        0xc zephyr/arch/arch/posix/core/libarch__posix__core.a(posix_core_nsi.c.obj)
                0x0000000000000000                posix_arch_clean_up

.text.posix_swap
                0x0000000000000000       0x10
 .text.posix_swap
                0x0000000000000000       0x10 zephyr/arch/arch/posix/core/libarch__posix__core.a(posix_core_nsi.c.obj)
                0x0000000000000000                posix_swap

.text.posix_main_thread_start
                0x0000000000000000       0x10
 .text.posix_main_thread_start
                0x0000000000000000       0x10 zephyr/arch/arch/posix/core/libarch__posix__core.a(posix_core_nsi.c.obj)
                0x0000000000000000                posix_main_thread_start

.text.posix_new_thread
                0x0000000000000000       0x10
 .text.posix_new_thread
                0x0000000000000000       0x10 zephyr/arch/arch/posix/core/libarch__posix__core.a(posix_core_nsi.c.obj)
                0x0000000000000000                posix_new_thread

.text.posix_abort_thread
                0x0000000000000000       0x10
 .text.posix_abort_thread
                0x0000000000000000       0x10 zephyr/arch/arch/posix/core/libarch__posix__core.a(posix_core_nsi.c.obj)
                0x0000000000000000                posix_abort_thread

.text.posix_is_cpu_running
                0x0000000000000000        0xc
 .text.posix_is_cpu_running
                0x0000000000000000        0xc zephyr/soc/soc/native/libsoc__native__inf_clock.a(soc.c.obj)
                0x0000000000000000                posix_is_cpu_running

.text.posix_interrupt_raised
                0x0000000000000000        0xc
 .text.posix_interrupt_raised
                0x0000000000000000        0xc zephyr/soc/soc/native/libsoc__native__inf_clock.a(soc.c.obj)
                0x0000000000000000                posix_interrupt_raised

.text.posix_halt_cpu
                0x0000000000000000       0x1c
 .text.posix_halt_cpu
                0x0000000000000000       0x1c zephyr/soc/soc/native/libsoc__native__inf_clock.a(soc.c.obj)
                0x0000000000000000                posix_halt_cpu

.text.posix_boot_cpu
                0x0000000000000000       0x34
 .text.posix_boot_cpu
                0x0000000000000000       0x34 zephyr/soc/soc/native/libsoc__native__inf_clock.a(soc.c.obj)
                0x0000000000000000                posix_boot_cpu

.text.posix_soc_clean_up
                0x0000000000000000       0x24
 .text.posix_soc_clean_up
                0x0000000000000000       0x24 zephyr/soc/soc/native/libsoc__native__inf_clock.a(soc.c.obj)
                0x0000000000000000                posix_soc_clean_up

.text.run_native_tasks
                0x0000000000000000       0x48
 .text.run_native_tasks
                0x0000000000000000       0x48 zephyr/soc/soc/native/libsoc__native__inf_clock.a(native_tasks.c.obj)
                0x0000000000000000                run_native_tasks

.text.posix_irq_handler
                0x0000000000000000      0x174
 .text.posix_irq_handler
                0x0000000000000000      0x174 zephyr/boards/native/native_sim/libboards__native__native_sim.a(irq_handler.c.obj)
                0x0000000000000000                posix_irq_handler

.text.posix_irq_lock
                0x0000000000000000        0x8
 .text.posix_irq_lock
                0x0000000000000000        0x8 zephyr/boards/native/native_sim/libboards__native__native_sim.a(irq_handler.c.obj)
                0x0000000000000000                posix_irq_lock

.text.posix_irq_unlock
                0x0000000000000000        0x4
 .text.posix_irq_unlock
                0x0000000000000000        0x4 zephyr/boards/native/native_sim/libboards__native__native_sim.a(irq_handler.c.obj)
                0x0000000000000000                posix_irq_unlock

.text.posix_irq_full_unlock
                0x0000000000000000        0x8
 .text.posix_irq_full_unlock
                0x0000000000000000        0x8 zephyr/boards/native/native_sim/libboards__native__native_sim.a(irq_handler.c.obj)
                0x0000000000000000                posix_irq_full_unlock

.text.posix_irq_enable
                0x0000000000000000        0x4
 .text.posix_irq_enable
                0x0000000000000000        0x4 zephyr/boards/native/native_sim/libboards__native__native_sim.a(irq_handler.c.obj)
                0x0000000000000000                posix_irq_enable

.text.posix_isr_declare
                0x0000000000000000       0x40
 .text.posix_isr_declare
                0x0000000000000000       0x40 zephyr/boards/native/native_sim/libboards__native__native_sim.a(irq_handler.c.obj)
                0x0000000000000000                posix_isr_declare

.text.posix_irq_priority_set
                0x0000000000000000       0x1c
 .text.posix_irq_priority_set
                0x0000000000000000       0x1c zephyr/boards/native/native_sim/libboards__native__native_sim.a(irq_handler.c.obj)
                0x0000000000000000                posix_irq_priority_set

.text.set_realtime_default
                0x0000000000000000        0x8
 .text.set_realtime_default
                0x0000000000000000        0x8 zephyr/boards/native/native_sim/libboards__native__native_sim.a(misc.c.obj)

.text.posix_print_error_and_exit
                0x0000000000000000       0x78
 .text.posix_print_error_and_exit
                0x0000000000000000       0x78 zephyr/boards/native/native_sim/libboards__native__native_sim.a(posix_arch_if.c.obj)
                0x0000000000000000                posix_print_error_and_exit

.text.posix_print_warning
                0x0000000000000000       0xa4
 .text.posix_print_warning
                0x0000000000000000       0xa4 zephyr/boards/native/native_sim/libboards__native__native_sim.a(posix_arch_if.c.obj)
                0x0000000000000000                posix_print_warning

.text.posix_print_trace
                0x0000000000000000       0xa4
 .text.posix_print_trace
                0x0000000000000000       0xa4 zephyr/boards/native/native_sim/libboards__native__native_sim.a(posix_arch_if.c.obj)
                0x0000000000000000                posix_print_trace

.text.posix_arch_console_init
                0x0000000000000000       0x20
 .text.posix_arch_console_init
                0x0000000000000000       0x20 zephyr/drivers/console/libdrivers__console.a(posix_arch_console.c.obj)

.text.print_char
                0x0000000000000000       0x78
 .text.print_char
                0x0000000000000000       0x78 zephyr/drivers/console/libdrivers__console.a(posix_arch_console.c.obj)

.text.get_input_pins
                0x0000000000000000       0x40
 .text.get_input_pins
                0x0000000000000000       0x40 zephyr/drivers/gpio/libdrivers__gpio.a(gpio_emul.c.obj)

.text.gpio_emul_gen_interrupt_bits
                0x0000000000000000      0x140
 .text.gpio_emul_gen_interrupt_bits
                0x0000000000000000      0x140 zephyr/drivers/gpio/libdrivers__gpio.a(gpio_emul.c.obj)

.text.gpio_emul_manage_callback
                0x0000000000000000       0x98
 .text.gpio_emul_manage_callback
                0x0000000000000000       0x98 zephyr/drivers/gpio/libdrivers__gpio.a(gpio_emul.c.obj)

.text.gpio_emul_get_pending_int
                0x0000000000000000        0xc
 .text.gpio_emul_get_pending_int
                0x0000000000000000        0xc zephyr/drivers/gpio/libdrivers__gpio.a(gpio_emul.c.obj)

.text.gpio_emul_init
                0x0000000000000000       0x10
 .text.gpio_emul_init
                0x0000000000000000       0x10 zephyr/drivers/gpio/libdrivers__gpio.a(gpio_emul.c.obj)

.text.gpio_emul_port_get_raw
                0x0000000000000000       0x60
 .text.gpio_emul_port_get_raw
                0x0000000000000000       0x60 zephyr/drivers/gpio/libdrivers__gpio.a(gpio_emul.c.obj)

.text.gpio_fire_callbacks.isra.0
                0x0000000000000000       0x70
 .text.gpio_fire_callbacks.isra.0
                0x0000000000000000       0x70 zephyr/drivers/gpio/libdrivers__gpio.a(gpio_emul.c.obj)

.text.gpio_emul_pin_interrupt_configure
                0x0000000000000000      0x248
 .text.gpio_emul_pin_interrupt_configure
                0x0000000000000000      0x248 zephyr/drivers/gpio/libdrivers__gpio.a(gpio_emul.c.obj)

.text.gpio_emul_pend_interrupt
                0x0000000000000000       0xe4
 .text.gpio_emul_pend_interrupt
                0x0000000000000000       0xe4 zephyr/drivers/gpio/libdrivers__gpio.a(gpio_emul.c.obj)

.text.get_output_pins
                0x0000000000000000       0x40
 .text.get_output_pins
                0x0000000000000000       0x40 zephyr/drivers/gpio/libdrivers__gpio.a(gpio_emul.c.obj)

.text.gpio_emul_input_set_masked_int
                0x0000000000000000       0x70
 .text.gpio_emul_input_set_masked_int
                0x0000000000000000       0x70 zephyr/drivers/gpio/libdrivers__gpio.a(gpio_emul.c.obj)
                0x0000000000000000                gpio_emul_input_set_masked_int

.text.gpio_emul_port_toggle_bits
                0x0000000000000000       0x88
 .text.gpio_emul_port_toggle_bits
                0x0000000000000000       0x88 zephyr/drivers/gpio/libdrivers__gpio.a(gpio_emul.c.obj)

.text.gpio_emul_port_clear_bits_raw
                0x0000000000000000       0xb4
 .text.gpio_emul_port_clear_bits_raw
                0x0000000000000000       0xb4 zephyr/drivers/gpio/libdrivers__gpio.a(gpio_emul.c.obj)

.text.gpio_emul_port_set_bits_raw
                0x0000000000000000       0xb4
 .text.gpio_emul_port_set_bits_raw
                0x0000000000000000       0xb4 zephyr/drivers/gpio/libdrivers__gpio.a(gpio_emul.c.obj)

.text.gpio_emul_port_set_masked_raw
                0x0000000000000000       0xcc
 .text.gpio_emul_port_set_masked_raw
                0x0000000000000000       0xcc zephyr/drivers/gpio/libdrivers__gpio.a(gpio_emul.c.obj)

.text.gpio_emul_pin_configure
                0x0000000000000000       0xf8
 .text.gpio_emul_pin_configure
                0x0000000000000000       0xf8 zephyr/drivers/gpio/libdrivers__gpio.a(gpio_emul.c.obj)

.text.np_timer_isr
                0x0000000000000000       0x54
 .text.np_timer_isr
                0x0000000000000000       0x54 zephyr/drivers/timer/libdrivers__timer.a(native_sim_timer.c.obj)

.text.sys_clock_driver_init
                0x0000000000000000       0x68
 .text.sys_clock_driver_init
                0x0000000000000000       0x68 zephyr/drivers/timer/libdrivers__timer.a(native_sim_timer.c.obj)

.text.sys_clock_set_timeout
                0x0000000000000000       0x24
 .text.sys_clock_set_timeout
                0x0000000000000000       0x24 zephyr/drivers/timer/libdrivers__timer.a(native_sim_timer.c.obj)
                0x0000000000000000                sys_clock_set_timeout

.text.sys_clock_elapsed
                0x0000000000000000       0x28
 .text.sys_clock_elapsed
                0x0000000000000000       0x28 zephyr/drivers/timer/libdrivers__timer.a(native_sim_timer.c.obj)
                0x0000000000000000                sys_clock_elapsed

.text.do_device_init
                0x0000000000000000       0x64
 .text.do_device_init
                0x0000000000000000       0x64 zephyr/kernel/libkernel.a(device.c.obj)
                0x0000000000000000                do_device_init

.text.k_sys_fatal_error_handler
                0x0000000000000000        0xc
 .text.k_sys_fatal_error_handler
                0x0000000000000000        0xc zephyr/kernel/libkernel.a(fatal.c.obj)
                0x0000000000000000                k_sys_fatal_error_handler

.text.z_fatal_error
                0x0000000000000000       0x54
 .text.z_fatal_error
                0x0000000000000000       0x54 zephyr/kernel/libkernel.a(fatal.c.obj)
                0x0000000000000000                z_fatal_error

.text.z_sys_init_run_level
                0x0000000000000000       0x5c
 .text.z_sys_init_run_level
                0x0000000000000000       0x5c zephyr/kernel/libkernel.a(init.c.obj)

.text.bg_thread_main
                0x0000000000000000      0x124
 .text.bg_thread_main
                0x0000000000000000      0x124 zephyr/kernel/libkernel.a(init.c.obj)

.text.z_init_cpu
                0x0000000000000000       0xc8
 .text.z_init_cpu
                0x0000000000000000       0xc8 zephyr/kernel/libkernel.a(init.c.obj)
                0x0000000000000000                z_init_cpu

.text.z_cstart  0x0000000000000000       0xd4
 .text.z_cstart
                0x0000000000000000       0xd4 zephyr/kernel/libkernel.a(init.c.obj)
                0x0000000000000000                z_cstart

.text.idle      0x0000000000000000       0x14
 .text.idle     0x0000000000000000       0x14 zephyr/kernel/libkernel.a(idle.c.obj)
                0x0000000000000000                idle

.text.z_impl_k_sem_give
                0x0000000000000000       0xb0
 .text.z_impl_k_sem_give
                0x0000000000000000       0xb0 zephyr/kernel/libkernel.a(sem.c.obj)
                0x0000000000000000                z_impl_k_sem_give

.text.notify_queue_locked.isra.0
                0x0000000000000000       0x18
 .text.notify_queue_locked.isra.0
                0x0000000000000000       0x18 zephyr/kernel/libkernel.a(work.c.obj)

.text.work_queue_main
                0x0000000000000000      0x1c4
 .text.work_queue_main
                0x0000000000000000      0x1c4 zephyr/kernel/libkernel.a(work.c.obj)

.text.submit_to_queue_locked
                0x0000000000000000      0x110
 .text.submit_to_queue_locked
                0x0000000000000000      0x110 zephyr/kernel/libkernel.a(work.c.obj)

.text.z_work_submit_to_queue
                0x0000000000000000       0x44
 .text.z_work_submit_to_queue
                0x0000000000000000       0x44 zephyr/kernel/libkernel.a(work.c.obj)
                0x0000000000000000                z_work_submit_to_queue

.text.k_work_queue_start
                0x0000000000000000       0xbc
 .text.k_work_queue_start
                0x0000000000000000       0xbc zephyr/kernel/libkernel.a(work.c.obj)
                0x0000000000000000                k_work_queue_start

.text.k_is_in_isr
                0x0000000000000000       0x18
 .text.k_is_in_isr
                0x0000000000000000       0x18 zephyr/kernel/libkernel.a(thread.c.obj)
                0x0000000000000000                k_is_in_isr

.text.z_impl_k_thread_name_set
                0x0000000000000000        0x8
 .text.z_impl_k_thread_name_set
                0x0000000000000000        0x8 zephyr/kernel/libkernel.a(thread.c.obj)
                0x0000000000000000                z_impl_k_thread_name_set

.text.z_setup_new_thread
                0x0000000000000000       0x74
 .text.z_setup_new_thread
                0x0000000000000000       0x74 zephyr/kernel/libkernel.a(thread.c.obj)
                0x0000000000000000                z_setup_new_thread

.text.z_impl_k_thread_create
                0x0000000000000000       0x68
 .text.z_impl_k_thread_create
                0x0000000000000000       0x68 zephyr/kernel/libkernel.a(thread.c.obj)
                0x0000000000000000                z_impl_k_thread_create

.text.z_dummy_thread_init
                0x0000000000000000       0x24
 .text.z_dummy_thread_init
                0x0000000000000000       0x24 zephyr/kernel/libkernel.a(thread.c.obj)
                0x0000000000000000                z_dummy_thread_init

.text.sys_dlist_remove
                0x0000000000000000       0x14
 .text.sys_dlist_remove
                0x0000000000000000       0x14 zephyr/kernel/libkernel.a(sched.c.obj)

.text.unpend_thread_no_timeout
                0x0000000000000000       0x28
 .text.unpend_thread_no_timeout
                0x0000000000000000       0x28 zephyr/kernel/libkernel.a(sched.c.obj)

.text.ready_thread
                0x0000000000000000       0xf0
 .text.ready_thread
                0x0000000000000000       0xf0 zephyr/kernel/libkernel.a(sched.c.obj)

.text.unready_thread
                0x0000000000000000       0x90
 .text.unready_thread
                0x0000000000000000       0x90 zephyr/kernel/libkernel.a(sched.c.obj)

.text.reschedule.isra.0
                0x0000000000000000       0x30
 .text.reschedule.isra.0
                0x0000000000000000       0x30 zephyr/kernel/libkernel.a(sched.c.obj)

.text.add_thread_timeout
                0x0000000000000000       0x20
 .text.add_thread_timeout
                0x0000000000000000       0x20 zephyr/kernel/libkernel.a(sched.c.obj)

.text.add_to_waitq_locked
                0x0000000000000000       0x8c
 .text.add_to_waitq_locked
                0x0000000000000000       0x8c zephyr/kernel/libkernel.a(sched.c.obj)

.text.move_current_to_end_of_prio_q
                0x0000000000000000       0xbc
 .text.move_current_to_end_of_prio_q
                0x0000000000000000       0xbc zephyr/kernel/libkernel.a(sched.c.obj)
                0x0000000000000000                move_current_to_end_of_prio_q

.text.z_ready_thread
                0x0000000000000000       0x30
 .text.z_ready_thread
                0x0000000000000000       0x30 zephyr/kernel/libkernel.a(sched.c.obj)
                0x0000000000000000                z_ready_thread

.text.z_unpend_thread_no_timeout
                0x0000000000000000       0x38
 .text.z_unpend_thread_no_timeout
                0x0000000000000000       0x38 zephyr/kernel/libkernel.a(sched.c.obj)
                0x0000000000000000                z_unpend_thread_no_timeout

.text.z_sched_wake_thread_locked
                0x0000000000000000       0x58
 .text.z_sched_wake_thread_locked
                0x0000000000000000       0x58 zephyr/kernel/libkernel.a(sched.c.obj)
                0x0000000000000000                z_sched_wake_thread_locked

.text.z_thread_timeout
                0x0000000000000000       0x30
 .text.z_thread_timeout
                0x0000000000000000       0x30 zephyr/kernel/libkernel.a(sched.c.obj)
                0x0000000000000000                z_thread_timeout

.text.z_pend_curr
                0x0000000000000000       0x48
 .text.z_pend_curr
                0x0000000000000000       0x48 zephyr/kernel/libkernel.a(sched.c.obj)
                0x0000000000000000                z_pend_curr

.text.z_unpend_thread
                0x0000000000000000       0x20
 .text.z_unpend_thread
                0x0000000000000000       0x20 zephyr/kernel/libkernel.a(sched.c.obj)
                0x0000000000000000                z_unpend_thread

.text.z_reschedule
                0x0000000000000000        0x8
 .text.z_reschedule
                0x0000000000000000        0x8 zephyr/kernel/libkernel.a(sched.c.obj)
                0x0000000000000000                z_reschedule

.text.z_reschedule_irqlock
                0x0000000000000000       0x30
 .text.z_reschedule_irqlock
                0x0000000000000000       0x30 zephyr/kernel/libkernel.a(sched.c.obj)
                0x0000000000000000                z_reschedule_irqlock

.text.k_sched_lock
                0x0000000000000000       0x2c
 .text.k_sched_lock
                0x0000000000000000       0x2c zephyr/kernel/libkernel.a(sched.c.obj)
                0x0000000000000000                k_sched_lock

.text.k_sched_unlock
                0x0000000000000000       0x8c
 .text.k_sched_unlock
                0x0000000000000000       0x8c zephyr/kernel/libkernel.a(sched.c.obj)
                0x0000000000000000                k_sched_unlock

.text.z_sched_init
                0x0000000000000000       0x14
 .text.z_sched_init
                0x0000000000000000       0x14 zephyr/kernel/libkernel.a(sched.c.obj)
                0x0000000000000000                z_sched_init

.text.z_impl_k_yield
                0x0000000000000000       0xd0
 .text.z_impl_k_yield
                0x0000000000000000       0xd0 zephyr/kernel/libkernel.a(sched.c.obj)
                0x0000000000000000                z_impl_k_yield

.text.z_impl_k_wakeup
                0x0000000000000000       0x58
 .text.z_impl_k_wakeup
                0x0000000000000000       0x58 zephyr/kernel/libkernel.a(sched.c.obj)
                0x0000000000000000                z_impl_k_wakeup

.text.z_impl_k_sched_current_thread_query
                0x0000000000000000       0x10
 .text.z_impl_k_sched_current_thread_query
                0x0000000000000000       0x10 zephyr/kernel/libkernel.a(sched.c.obj)
                0x0000000000000000                z_impl_k_sched_current_thread_query

.text.z_thread_abort
                0x0000000000000000      0x1a4
 .text.z_thread_abort
                0x0000000000000000      0x1a4 zephyr/kernel/libkernel.a(sched.c.obj)
                0x0000000000000000                z_thread_abort

.text.z_sched_wake
                0x0000000000000000       0x84
 .text.z_sched_wake
                0x0000000000000000       0x84 zephyr/kernel/libkernel.a(sched.c.obj)
                0x0000000000000000                z_sched_wake

.text.z_sched_wait
                0x0000000000000000       0x38
 .text.z_sched_wait
                0x0000000000000000       0x38 zephyr/kernel/libkernel.a(sched.c.obj)
                0x0000000000000000                z_sched_wait

.text.z_time_slice_size
                0x0000000000000000       0x58
 .text.z_time_slice_size
                0x0000000000000000       0x58 zephyr/kernel/libkernel.a(timeslicing.c.obj)

.text.slice_timeout
                0x0000000000000000       0x24
 .text.slice_timeout
                0x0000000000000000       0x24 zephyr/kernel/libkernel.a(timeslicing.c.obj)

.text.z_reset_time_slice
                0x0000000000000000       0x80
 .text.z_reset_time_slice
                0x0000000000000000       0x80 zephyr/kernel/libkernel.a(timeslicing.c.obj)
                0x0000000000000000                z_reset_time_slice

.text.z_time_slice
                0x0000000000000000       0x68
 .text.z_time_slice
                0x0000000000000000       0x68 zephyr/kernel/libkernel.a(timeslicing.c.obj)
                0x0000000000000000                z_time_slice

.text.first     0x0000000000000000       0x18
 .text.first    0x0000000000000000       0x18 zephyr/kernel/libkernel.a(timeout.c.obj)

.text.next_timeout
                0x0000000000000000       0x3c
 .text.next_timeout
                0x0000000000000000       0x3c zephyr/kernel/libkernel.a(timeout.c.obj)

.text.elapsed   0x0000000000000000       0x18
 .text.elapsed  0x0000000000000000       0x18 zephyr/kernel/libkernel.a(timeout.c.obj)

.text.remove_timeout
                0x0000000000000000       0x40
 .text.remove_timeout
                0x0000000000000000       0x40 zephyr/kernel/libkernel.a(timeout.c.obj)

.text.z_add_timeout
                0x0000000000000000      0x148
 .text.z_add_timeout
                0x0000000000000000      0x148 zephyr/kernel/libkernel.a(timeout.c.obj)
                0x0000000000000000                z_add_timeout

.text.z_abort_timeout
                0x0000000000000000       0x8c
 .text.z_abort_timeout
                0x0000000000000000       0x8c zephyr/kernel/libkernel.a(timeout.c.obj)
                0x0000000000000000                z_abort_timeout

.text.sys_clock_announce_locked
                0x0000000000000000       0xe4
 .text.sys_clock_announce_locked
                0x0000000000000000       0xe4 zephyr/kernel/libkernel.a(timeout.c.obj)
                0x0000000000000000                sys_clock_announce_locked

.text.signal_poll_event.isra.0
                0x0000000000000000       0xcc
 .text.signal_poll_event.isra.0
                0x0000000000000000       0xcc zephyr/kernel/libkernel.a(poll.c.obj)

.text.z_handle_obj_poll_events
                0x0000000000000000       0x70
 .text.z_handle_obj_poll_events
                0x0000000000000000       0x70 zephyr/kernel/libkernel.a(poll.c.obj)
                0x0000000000000000                z_handle_obj_poll_events

.text.boot_banner
                0x0000000000000000        0xc
 .text.boot_banner
                0x0000000000000000        0xc zephyr/kernel/libkernel.a(banner.c.obj)
                0x0000000000000000                boot_banner

.text.k_heap_init
                0x0000000000000000        0xc
 .text.k_heap_init
                0x0000000000000000        0xc zephyr/kernel/libkernel.a(kheap.c.obj)
                0x0000000000000000                k_heap_init

.text.statics_init
                0x0000000000000000       0x4c
 .text.statics_init
                0x0000000000000000       0x4c zephyr/kernel/libkernel.a(kheap.c.obj)

.text.k_sys_work_q_init
                0x0000000000000000       0x38
 .text.k_sys_work_q_init
                0x0000000000000000       0x38 zephyr/kernel/libkernel.a(system_work_q.c.obj)

.text.startup   0x0000000000000000       0x2c
 .text.startup  0x0000000000000000       0x2c /usr/lib/gcc/aarch64-linux-gnu/15/libgcc.a(lse-init.o)

.text._ZN44_$LT$$RF$T$u20$as$u20$core..fmt..Display$GT$3fmt17h9d87805c3a9e7a16E
                0x0000000000000000       0x14
 .text._ZN44_$LT$$RF$T$u20$as$u20$core..fmt..Display$GT$3fmt17h9d87805c3a9e7a16E
                0x0000000000000000       0x14 rust/target/aarch64-unknown-none/release/librustapp.a(rustapp-aafd69d358d8569b.rustapp.ba7a41e3cc0b85f5-cgu.0.rcgu.o)

.text.rust_main
                0x0000000000000000       0x38
 .text.rust_main
                0x0000000000000000       0x38 rust/target/aarch64-unknown-none/release/librustapp.a(rustapp-aafd69d358d8569b.rustapp.ba7a41e3cc0b85f5-cgu.0.rcgu.o)
                0x0000000000000000                rust_main

.text._RNvXsK_NtCsbcsGJ9IzBgZ_4core3fmtNtB5_5ErrorNtB5_5Debug3fmt.llvm.10218502613670644523
                0x0000000000000000       0x14
 .text._RNvXsK_NtCsbcsGJ9IzBgZ_4core3fmtNtB5_5ErrorNtB5_5Debug3fmt.llvm.10218502613670644523
                0x0000000000000000       0x14 rust/target/aarch64-unknown-none/release/librustapp.a(zephyr-02f735a6a56b3de7.zephyr.e60354ef850b313f-cgu.1.rcgu.o)
                0x0000000000000000                <core::fmt::Error as core::fmt::Debug>::fmt

.text._ZN44_$LT$$RF$T$u20$as$u20$core..fmt..Display$GT$3fmt17h55c5b7826f023084E
                0x0000000000000000        0x8
 .text._ZN44_$LT$$RF$T$u20$as$u20$core..fmt..Display$GT$3fmt17h55c5b7826f023084E
                0x0000000000000000        0x8 rust/target/aarch64-unknown-none/release/librustapp.a(zephyr-02f735a6a56b3de7.zephyr.e60354ef850b313f-cgu.1.rcgu.o)
                0x0000000000000000                <&T as core::fmt::Display>::fmt

.text._ZN4core3fmt5Write10write_char17hc3da7346b1ebb5ceE.llvm.10218502613670644523
                0x0000000000000000      0x17c
 .text._ZN4core3fmt5Write10write_char17hc3da7346b1ebb5ceE.llvm.10218502613670644523
                0x0000000000000000      0x17c rust/target/aarch64-unknown-none/release/librustapp.a(zephyr-02f735a6a56b3de7.zephyr.e60354ef850b313f-cgu.1.rcgu.o)
                0x0000000000000000                core::fmt::Write::write_char

.text._ZN4core3fmt5Write9write_fmt17h3b8beaf303b3ae75E.llvm.10218502613670644523
                0x0000000000000000       0x14
 .text._ZN4core3fmt5Write9write_fmt17h3b8beaf303b3ae75E.llvm.10218502613670644523
                0x0000000000000000       0x14 rust/target/aarch64-unknown-none/release/librustapp.a(zephyr-02f735a6a56b3de7.zephyr.e60354ef850b313f-cgu.1.rcgu.o)
                0x0000000000000000                core::fmt::Write::write_fmt

.text._ZN60_$LT$zephyr..printk..Context$u20$as$u20$core..fmt..Write$GT$9write_str17h25b93cd1c7f7cda2E
                0x0000000000000000       0xf0
 .text._ZN60_$LT$zephyr..printk..Context$u20$as$u20$core..fmt..Write$GT$9write_str17h25b93cd1c7f7cda2E
                0x0000000000000000       0xf0 rust/target/aarch64-unknown-none/release/librustapp.a(zephyr-02f735a6a56b3de7.zephyr.e60354ef850b313f-cgu.1.rcgu.o)
                0x0000000000000000                <zephyr::printk::Context as core::fmt::Write>::write_str

.text._ZN6zephyr6printk8printkln17h9451c50ce581ae28E
                0x0000000000000000       0xb8
 .text._ZN6zephyr6printk8printkln17h9451c50ce581ae28E
                0x0000000000000000       0xb8 rust/target/aarch64-unknown-none/release/librustapp.a(zephyr-02f735a6a56b3de7.zephyr.e60354ef850b313f-cgu.1.rcgu.o)
                0x0000000000000000                zephyr::printk::printkln

.text._RNvMsa_NtCsbcsGJ9IzBgZ_4core3fmtNtB5_9Formatter12pad_integral
                0x0000000000000000      0x498
 .text._RNvMsa_NtCsbcsGJ9IzBgZ_4core3fmtNtB5_9Formatter12pad_integral
                0x0000000000000000      0x498 rust/target/aarch64-unknown-none/release/librustapp.a(core-1e028c497e00fdd6.core.8277119056f6e37b-cgu.0.rcgu.o)
                0x0000000000000000                <core::fmt::Formatter>::pad_integral

.text._RNvMsa_NtCsbcsGJ9IzBgZ_4core3fmtNtB5_9Formatter3pad
                0x0000000000000000      0x3ec
 .text._RNvMsa_NtCsbcsGJ9IzBgZ_4core3fmtNtB5_9Formatter3pad
                0x0000000000000000      0x3ec rust/target/aarch64-unknown-none/release/librustapp.a(core-1e028c497e00fdd6.core.8277119056f6e37b-cgu.0.rcgu.o)
                0x0000000000000000                <core::fmt::Formatter>::pad

.text._RNvMsa_NtCsbcsGJ9IzBgZ_4core3fmtNtB5_9Formatter9write_str
                0x0000000000000000        0xc
 .text._RNvMsa_NtCsbcsGJ9IzBgZ_4core3fmtNtB5_9Formatter9write_str
                0x0000000000000000        0xc rust/target/aarch64-unknown-none/release/librustapp.a(core-1e028c497e00fdd6.core.8277119056f6e37b-cgu.0.rcgu.o)
                0x0000000000000000                <core::fmt::Formatter as core::fmt::Write>::write_str
                0x0000000000000000                <core::fmt::Formatter>::write_str

.text._RNvNtCsbcsGJ9IzBgZ_4core3fmt5write
                0x0000000000000000      0x1f0
 .text._RNvNtCsbcsGJ9IzBgZ_4core3fmt5write
                0x0000000000000000      0x1f0 rust/target/aarch64-unknown-none/release/librustapp.a(core-1e028c497e00fdd6.core.8277119056f6e37b-cgu.0.rcgu.o)
                0x0000000000000000                core::fmt::write

.text.unlikely._RNvNtCsbcsGJ9IzBgZ_4core6result13unwrap_failed
                0x0000000000000000       0x4c
 .text.unlikely._RNvNtCsbcsGJ9IzBgZ_4core6result13unwrap_failed
                0x0000000000000000       0x4c rust/target/aarch64-unknown-none/release/librustapp.a(core-1e028c497e00fdd6.core.8277119056f6e37b-cgu.0.rcgu.o)
                0x0000000000000000                core::result::unwrap_failed

.text.unlikely._RNvNtCsbcsGJ9IzBgZ_4core9panicking18panic_bounds_check
                0x0000000000000000       0x38
 .text.unlikely._RNvNtCsbcsGJ9IzBgZ_4core9panicking18panic_bounds_check
                0x0000000000000000       0x38 rust/target/aarch64-unknown-none/release/librustapp.a(core-1e028c497e00fdd6.core.8277119056f6e37b-cgu.0.rcgu.o)
                0x0000000000000000                core::panicking::panic_bounds_check

.text.unlikely._RNvNtCsbcsGJ9IzBgZ_4core9panicking9panic_fmt
                0x0000000000000000       0x28
 .text.unlikely._RNvNtCsbcsGJ9IzBgZ_4core9panicking9panic_fmt
                0x0000000000000000       0x28 rust/target/aarch64-unknown-none/release/librustapp.a(core-1e028c497e00fdd6.core.8277119056f6e37b-cgu.0.rcgu.o)
                0x0000000000000000                core::panicking::panic_fmt

.text._RNvNtNtCsbcsGJ9IzBgZ_4core3str5count14do_count_chars
                0x0000000000000000      0x79c
 .text._RNvNtNtCsbcsGJ9IzBgZ_4core3str5count14do_count_chars
                0x0000000000000000      0x79c rust/target/aarch64-unknown-none/release/librustapp.a(core-1e028c497e00fdd6.core.8277119056f6e37b-cgu.0.rcgu.o)
                0x0000000000000000                core::str::count::do_count_chars

.text._RNvNvMsa_NtCsbcsGJ9IzBgZ_4core3fmtNtB7_9Formatter12pad_integral12write_prefix
                0x0000000000000000       0x88
 .text._RNvNvMsa_NtCsbcsGJ9IzBgZ_4core3fmtNtB7_9Formatter12pad_integral12write_prefix
                0x0000000000000000       0x88 rust/target/aarch64-unknown-none/release/librustapp.a(core-1e028c497e00fdd6.core.8277119056f6e37b-cgu.0.rcgu.o)

.text._RNvXs1g_NtCsbcsGJ9IzBgZ_4core3fmtRDNtB6_5DebugEL_Bx_3fmtB8_
                0x0000000000000000        0xc
 .text._RNvXs1g_NtCsbcsGJ9IzBgZ_4core3fmtRDNtB6_5DebugEL_Bx_3fmtB8_
                0x0000000000000000        0xc rust/target/aarch64-unknown-none/release/librustapp.a(core-1e028c497e00fdd6.core.8277119056f6e37b-cgu.0.rcgu.o)

.text._RNvXs1i_NtCsbcsGJ9IzBgZ_4core3fmtReNtB6_7Display3fmtB8_
                0x0000000000000000       0x10
 .text._RNvXs1i_NtCsbcsGJ9IzBgZ_4core3fmtReNtB6_7Display3fmtB8_
                0x0000000000000000       0x10 rust/target/aarch64-unknown-none/release/librustapp.a(core-1e028c497e00fdd6.core.8277119056f6e37b-cgu.0.rcgu.o)

.text._RNvXs8_NtNtNtCsbcsGJ9IzBgZ_4core3fmt3num3impmNtB9_7Display3fmt
                0x0000000000000000      0x150
 .text._RNvXs8_NtNtNtCsbcsGJ9IzBgZ_4core3fmt3num3impmNtB9_7Display3fmt
                0x0000000000000000      0x150 rust/target/aarch64-unknown-none/release/librustapp.a(core-1e028c497e00fdd6.core.8277119056f6e37b-cgu.0.rcgu.o)
                0x0000000000000000                <u32 as core::fmt::Display>::fmt

.text._RNvXs_NtNtCsbcsGJ9IzBgZ_4core5panic10panic_infoNtB4_9PanicInfoNtNtB8_3fmt7Display3fmt
                0x0000000000000000      0x118
 .text._RNvXs_NtNtCsbcsGJ9IzBgZ_4core5panic10panic_infoNtB4_9PanicInfoNtNtB8_3fmt7Display3fmt
                0x0000000000000000      0x118 rust/target/aarch64-unknown-none/release/librustapp.a(core-1e028c497e00fdd6.core.8277119056f6e37b-cgu.0.rcgu.o)
                0x0000000000000000                <core::panic::panic_info::PanicInfo as core::fmt::Display>::fmt

.text._RNvXsd_NtNtNtCsbcsGJ9IzBgZ_4core3fmt3num3impyNtB9_7Display3fmt
                0x0000000000000000      0x154
 .text._RNvXsd_NtNtNtCsbcsGJ9IzBgZ_4core3fmt3num3impyNtB9_7Display3fmt
                0x0000000000000000      0x154 rust/target/aarch64-unknown-none/release/librustapp.a(core-1e028c497e00fdd6.core.8277119056f6e37b-cgu.0.rcgu.o)
                0x0000000000000000                <usize as core::fmt::Display>::fmt
                0x0000000000000000                <u64 as core::fmt::Display>::fmt

.text._RNvXsi_NtCsbcsGJ9IzBgZ_4core3fmteNtB5_7Display3fmt
                0x0000000000000000       0x14
 .text._RNvXsi_NtCsbcsGJ9IzBgZ_4core3fmteNtB5_7Display3fmt
                0x0000000000000000       0x14 rust/target/aarch64-unknown-none/release/librustapp.a(core-1e028c497e00fdd6.core.8277119056f6e37b-cgu.0.rcgu.o)
                0x0000000000000000                <str as core::fmt::Display>::fmt

.text.strlen    0x0000000000000000       0x2c
 .text.strlen   0x0000000000000000       0x2c rust/target/aarch64-unknown-none/release/librustapp.a(compiler_builtins-3ee7e62f28e6961c.compiler_builtins.58091e693fb95d42-cgu.127.rcgu.o)
                0x0000000000000000                strlen

.text.memset    0x0000000000000000      0x154
 .text.memset   0x0000000000000000      0x154 rust/target/aarch64-unknown-none/release/librustapp.a(compiler_builtins-3ee7e62f28e6961c.compiler_builtins.58091e693fb95d42-cgu.319.rcgu.o)
                0x0000000000000000                memset

.text._RNvCsfLfy6EI15iL_7___rustc17rust_begin_unwind
                0x0000000000000000       0x2c
 .text._RNvCsfLfy6EI15iL_7___rustc17rust_begin_unwind
                0x0000000000000000       0x2c rust/target/aarch64-unknown-none/release/librustapp.a(zephyr-02f735a6a56b3de7.zephyr.e60354ef850b313f-cgu.0.rcgu.o)
                0x0000000000000000                __rustc::rust_begin_unwind

.native_sim_if  0x000000000000002c       0x8c
 *(SORT_BY_ALIGNMENT(.native_sim_if))
 .native_sim_if
                0x000000000000002c       0x4c zephyr/boards/native/native_sim/libboards__native__native_sim.a(nsi_if.c.obj)
                0x000000000000002c                nsif_cpu0_pre_cmdline_hooks
                0x0000000000000034                nsif_cpu0_pre_hw_init_hooks
                0x000000000000003c                nsif_cpu0_boot
                0x000000000000005c                nsif_cpu0_cleanup
                0x0000000000000074                nsif_cpu0_irq_raised
 .native_sim_if
                0x0000000000000078       0x40 zephyr/boards/native/native_sim/libboards__native__native_sim.a(irq_handler.c.obj)
                0x0000000000000078                nsif_cpu0_irq_raised_from_sw
 *(SORT_BY_ALIGNMENT(.native_sim_if.*))

.fini
 *(SORT_NONE(.fini))

.rodata
 *(SORT_BY_ALIGNMENT(.rodata))

.rodata.rust_panic_wrap.str1.1
                0x0000000000000000       0x2e
 .rodata.rust_panic_wrap.str1.1
                0x0000000000000000       0x2e app/libapp.a(main.c.obj)

.rodata.z_thread_entry.str1.1
                0x0000000000000000       0x4e
 .rodata.z_thread_entry.str1.1
                0x0000000000000000       0x4e zephyr/libzephyr.a(thread_entry.c.obj)

.rodata.z_cbvprintf_impl.str1.1
                0x0000000000000000        0x6
 .rodata.z_cbvprintf_impl.str1.1
                0x0000000000000000        0x6 zephyr/libzephyr.a(cbprintf_complete.c.obj)

.rodata.z_cbvprintf_impl
                0x0000000000000000       0x34
 .rodata.z_cbvprintf_impl
                0x0000000000000000       0x34 zephyr/libzephyr.a(cbprintf_complete.c.obj)

.rodata.arch_system_halt.str1.1
                0x0000000000000000       0x6c
 .rodata.arch_system_halt.str1.1
                0x0000000000000000       0x6c zephyr/arch/arch/posix/core/libarch__posix__core.a(fatal.c.obj)

.rodata.z_impl_k_thread_abort.str1.1
                0x0000000000000000       0x77
 .rodata.z_impl_k_thread_abort.str1.1
                0x0000000000000000       0x77 zephyr/arch/arch/posix/core/libarch__posix__core.a(thread.c.obj)

.rodata.posix_irq_handler.str1.1
                0x0000000000000000       0x2e
 .rodata.posix_irq_handler.str1.1
                0x0000000000000000       0x2e zephyr/boards/native/native_sim/libboards__native__native_sim.a(irq_handler.c.obj)

.rodata.str1.1  0x0000000000000000     0x1091
 .rodata.str1.1
                0x0000000000000000       0x35 zephyr/boards/native/native_sim/libboards__native__native_sim.a(irq_handler.c.obj)
 .rodata.str1.1
                0x0000000000000035        0xa zephyr/drivers/gpio/libdrivers__gpio.a(gpio_emul.c.obj)
 .rodata.str1.1
                0x000000000000003f        0x9 zephyr/kernel/libkernel.a(system_work_q.c.obj)
 .rodata.str1.1
                0x0000000000000048       0x1c rust/target/aarch64-unknown-none/release/librustapp.a(rustapp-aafd69d358d8569b.rustapp.ba7a41e3cc0b85f5-cgu.0.rcgu.o)
 .rodata.str1.1
                0x0000000000000064      0x18b rust/target/aarch64-unknown-none/release/librustapp.a(zephyr-02f735a6a56b3de7.zephyr.e60354ef850b313f-cgu.1.rcgu.o)
                0x00000000000000eb                anon.ba6fdbe22d85371fcdaf99317ee8def6.9.llvm.10218502613670644523
                0x000000000000019a                anon.ba6fdbe22d85371fcdaf99317ee8def6.21.llvm.10218502613670644523
 .rodata.str1.1
                0x00000000000001ef      0xcc9 rust/target/aarch64-unknown-none/release/librustapp.a(core-1e028c497e00fdd6.core.8277119056f6e37b-cgu.0.rcgu.o)
 .rodata.str1.1
                0x0000000000000eb8      0x1d9 rust/target/aarch64-unknown-none/release/librustapp.a(zephyr-02f735a6a56b3de7.zephyr.e60354ef850b313f-cgu.0.rcgu.o)
                0x0000000000000ec2                anon.1624599dd63887aca0f2864f261e39d5.2.llvm.10013465756880526320
                0x0000000000000f41                anon.1624599dd63887aca0f2864f261e39d5.7.llvm.10013465756880526320
                0x0000000000001035                anon.1624599dd63887aca0f2864f261e39d5.19.llvm.10013465756880526320

.rodata.posix_isr_declare.str1.1
                0x0000000000000000       0x32
 .rodata.posix_isr_declare.str1.1
                0x0000000000000000       0x32 zephyr/boards/native/native_sim/libboards__native__native_sim.a(irq_handler.c.obj)

.rodata.__func__.1
                0x0000000000000000       0x1d
 .rodata.__func__.1
                0x0000000000000000       0x1d zephyr/boards/native/native_sim/libboards__native__native_sim.a(irq_handler.c.obj)

.rodata.print_char.str1.1
                0x0000000000000000        0x3
 .rodata.print_char.str1.1
                0x0000000000000000        0x3 zephyr/drivers/console/libdrivers__console.a(posix_arch_console.c.obj)

.rodata.gpio_emul_config_0
                0x0000000000000000        0xc
 .rodata.gpio_emul_config_0
                0x0000000000000000        0xc zephyr/drivers/gpio/libdrivers__gpio.a(gpio_emul.c.obj)

.rodata.z_cstart.str1.1
                0x0000000000000000       0x4b
 .rodata.z_cstart.str1.1
                0x0000000000000000       0x4b zephyr/kernel/libkernel.a(init.c.obj)

.rodata.z_impl_k_thread_suspend.str1.1
                0x0000000000000000       0x2b
 .rodata.z_impl_k_thread_suspend.str1.1
                0x0000000000000000       0x2b zephyr/kernel/libkernel.a(sched.c.obj)

.rodata.boot_banner.str1.1
                0x0000000000000000       0x3a
 .rodata.boot_banner.str1.1
                0x0000000000000000       0x3a zephyr/kernel/libkernel.a(banner.c.obj)

.rodata..Lanon.db373ce25dfeaf41079e038efc6d12ac.0
                0x0000000000000000        0xa
 .rodata..Lanon.db373ce25dfeaf41079e038efc6d12ac.0
                0x0000000000000000        0xa rust/target/aarch64-unknown-none/release/librustapp.a(rustapp-aafd69d358d8569b.rustapp.ba7a41e3cc0b85f5-cgu.0.rcgu.o)

.rodata..Lanon.db373ce25dfeaf41079e038efc6d12ac.1
                0x0000000000000000       0x10
 .rodata..Lanon.db373ce25dfeaf41079e038efc6d12ac.1
                0x0000000000000000       0x10 rust/target/aarch64-unknown-none/release/librustapp.a(rustapp-aafd69d358d8569b.rustapp.ba7a41e3cc0b85f5-cgu.0.rcgu.o)

.rodata..Lanon.ba6fdbe22d85371fcdaf99317ee8def6.0
                0x0000000000000000        0x5
 .rodata..Lanon.ba6fdbe22d85371fcdaf99317ee8def6.0
                0x0000000000000000        0x5 rust/target/aarch64-unknown-none/release/librustapp.a(zephyr-02f735a6a56b3de7.zephyr.e60354ef850b313f-cgu.1.rcgu.o)

.rodata.anon.ba6fdbe22d85371fcdaf99317ee8def6.8.llvm.10218502613670644523
                0x0000000000000000       0x2b
 .rodata.anon.ba6fdbe22d85371fcdaf99317ee8def6.8.llvm.10218502613670644523
                0x0000000000000000       0x2b rust/target/aarch64-unknown-none/release/librustapp.a(zephyr-02f735a6a56b3de7.zephyr.e60354ef850b313f-cgu.1.rcgu.o)
                0x0000000000000000                anon.ba6fdbe22d85371fcdaf99317ee8def6.8.llvm.10218502613670644523

.rodata.anon.ba6fdbe22d85371fcdaf99317ee8def6.19.llvm.10218502613670644523
                0x0000000000000000       0x30
 .rodata.anon.ba6fdbe22d85371fcdaf99317ee8def6.19.llvm.10218502613670644523
                0x0000000000000000       0x30 rust/target/aarch64-unknown-none/release/librustapp.a(zephyr-02f735a6a56b3de7.zephyr.e60354ef850b313f-cgu.1.rcgu.o)
                0x0000000000000000                anon.ba6fdbe22d85371fcdaf99317ee8def6.19.llvm.10218502613670644523

.rodata.anon.ba6fdbe22d85371fcdaf99317ee8def6.20.llvm.10218502613670644523
                0x0000000000000000       0x20
 .rodata.anon.ba6fdbe22d85371fcdaf99317ee8def6.20.llvm.10218502613670644523
                0x0000000000000000       0x20 rust/target/aarch64-unknown-none/release/librustapp.a(zephyr-02f735a6a56b3de7.zephyr.e60354ef850b313f-cgu.1.rcgu.o)
                0x0000000000000000                anon.ba6fdbe22d85371fcdaf99317ee8def6.20.llvm.10218502613670644523

.rodata.anon.ba6fdbe22d85371fcdaf99317ee8def6.23.llvm.10218502613670644523
                0x0000000000000000       0x18
 .rodata.anon.ba6fdbe22d85371fcdaf99317ee8def6.23.llvm.10218502613670644523
                0x0000000000000000       0x18 rust/target/aarch64-unknown-none/release/librustapp.a(zephyr-02f735a6a56b3de7.zephyr.e60354ef850b313f-cgu.1.rcgu.o)
                0x0000000000000000                anon.ba6fdbe22d85371fcdaf99317ee8def6.23.llvm.10218502613670644523

.rodata.anon.ba6fdbe22d85371fcdaf99317ee8def6.24.llvm.10218502613670644523
                0x0000000000000000       0x18
 .rodata.anon.ba6fdbe22d85371fcdaf99317ee8def6.24.llvm.10218502613670644523
                0x0000000000000000       0x18 rust/target/aarch64-unknown-none/release/librustapp.a(zephyr-02f735a6a56b3de7.zephyr.e60354ef850b313f-cgu.1.rcgu.o)
                0x0000000000000000                anon.ba6fdbe22d85371fcdaf99317ee8def6.24.llvm.10218502613670644523

.rodata..Lanon.dcbaad06f07c99465786a632de215791.145
                0x0000000000000000       0xc8
 .rodata..Lanon.dcbaad06f07c99465786a632de215791.145
                0x0000000000000000       0xc8 rust/target/aarch64-unknown-none/release/librustapp.a(core-1e028c497e00fdd6.core.8277119056f6e37b-cgu.0.rcgu.o)

.rodata..Lanon.dcbaad06f07c99465786a632de215791.371
                0x0000000000000000        0xc
 .rodata..Lanon.dcbaad06f07c99465786a632de215791.371
                0x0000000000000000        0xc rust/target/aarch64-unknown-none/release/librustapp.a(core-1e028c497e00fdd6.core.8277119056f6e37b-cgu.0.rcgu.o)

.rodata..Lanon.dcbaad06f07c99465786a632de215791.372
                0x0000000000000000        0x2
 .rodata..Lanon.dcbaad06f07c99465786a632de215791.372
                0x0000000000000000        0x2 rust/target/aarch64-unknown-none/release/librustapp.a(core-1e028c497e00fdd6.core.8277119056f6e37b-cgu.0.rcgu.o)

.rodata1
 *(SORT_BY_ALIGNMENT(.rodata1))

.eh_frame_hdr
 *(SORT_BY_ALIGNMENT(.eh_frame_hdr))

.eh_frame       0x0000000000000000     0x1a2c
 *(SORT_BY_ALIGNMENT(.eh_frame))
 .eh_frame      0x0000000000000000       0x28 zephyr/CMakeFiles/offsets.dir/./arch/posix/core/offsets/offsets.c.obj
 .eh_frame      0x0000000000000028       0x58 app/libapp.a(main.c.obj)
 .eh_frame      0x0000000000000080       0x28 app/libapp.a(wrapper.c.obj)
                                       0x1b60 (size before relaxing)
 .eh_frame      0x00000000000000a8       0x78 zephyr/libzephyr.a(heap.c.obj)
                                        0x268 (size before relaxing)
 .eh_frame      0x0000000000000120        0x0 zephyr/libzephyr.a(cbprintf_packaged.c.obj)
                                        0x118 (size before relaxing)
 .eh_frame      0x0000000000000120        0x0 zephyr/libzephyr.a(clock.c.obj)
                                         0xf0 (size before relaxing)
 .eh_frame      0x0000000000000120       0xc0 zephyr/libzephyr.a(printk.c.obj)
                                        0x128 (size before relaxing)
 .eh_frame      0x00000000000001e0        0x0 zephyr/libzephyr.a(sem.c.obj)
                                         0x88 (size before relaxing)
 .eh_frame      0x00000000000001e0       0x30 zephyr/libzephyr.a(thread_entry.c.obj)
 .eh_frame      0x0000000000000210       0xb0 zephyr/libzephyr.a(cbprintf_complete.c.obj)
 .eh_frame      0x00000000000002c0        0x0 zephyr/libzephyr.a(cbprintf.c.obj)
                                         0x38 (size before relaxing)
 .eh_frame      0x00000000000002c0       0x38 zephyr/libzephyr.a(assert.c.obj)
                                         0x58 (size before relaxing)
 .eh_frame      0x00000000000002f8        0x0 zephyr/libzephyr.a(dec.c.obj)
                                         0x28 (size before relaxing)
 .eh_frame      0x00000000000002f8        0x0 zephyr/libzephyr.a(hex.c.obj)
                                         0x80 (size before relaxing)
 .eh_frame      0x00000000000002f8        0x0 zephyr/libzephyr.a(rb.c.obj)
                                        0x1a8 (size before relaxing)
 .eh_frame      0x00000000000002f8        0x0 zephyr/libzephyr.a(set.c.obj)
                                         0x48 (size before relaxing)
 .eh_frame      0x00000000000002f8        0x0 zephyr/libzephyr.a(timeutil.c.obj)
                                         0xd8 (size before relaxing)
 .eh_frame      0x00000000000002f8        0x0 zephyr/libzephyr.a(bitarray.c.obj)
                                        0x2f8 (size before relaxing)
 .eh_frame      0x00000000000002f8        0x0 zephyr/libzephyr.a(bitmask.c.obj)
                                         0x28 (size before relaxing)
 .eh_frame      0x00000000000002f8        0x0 zephyr/libzephyr.a(getopt.c.obj)
                                         0x68 (size before relaxing)
 .eh_frame      0x00000000000002f8        0x0 zephyr/libzephyr.a(getopt_common.c.obj)
                                         0x40 (size before relaxing)
 .eh_frame      0x00000000000002f8        0x0 zephyr/libzephyr.a(ring_buffer.c.obj)
                                        0x178 (size before relaxing)
 .eh_frame      0x00000000000002f8       0x28 zephyr/libzephyr.a(configs.c.obj)
 .eh_frame      0x0000000000000320       0x40 zephyr/libzephyr.a(tracing_none.c.obj)
                                         0x78 (size before relaxing)
 .eh_frame      0x0000000000000360        0x0 zephyr/arch/common/libarch__common.a(init.c.obj)
                                         0x50 (size before relaxing)
 .eh_frame      0x0000000000000360       0x38 zephyr/arch/arch/posix/core/libarch__posix__core.a(cpuhalt.c.obj)
                                         0x48 (size before relaxing)
 .eh_frame      0x0000000000000398       0x30 zephyr/arch/arch/posix/core/libarch__posix__core.a(fatal.c.obj)
 .eh_frame      0x00000000000003c8       0x28 zephyr/arch/arch/posix/core/libarch__posix__core.a(irq.c.obj)
                                         0x50 (size before relaxing)
 .eh_frame      0x00000000000003f0       0x50 zephyr/arch/arch/posix/core/libarch__posix__core.a(swap.c.obj)
 .eh_frame      0x0000000000000440       0x98 zephyr/arch/arch/posix/core/libarch__posix__core.a(thread.c.obj)
                                         0xc0 (size before relaxing)
 .eh_frame      0x00000000000004d8       0x98 zephyr/arch/arch/posix/core/libarch__posix__core.a(posix_core_nsi.c.obj)
                                         0xc0 (size before relaxing)
 .eh_frame      0x0000000000000570       0xa0 zephyr/soc/soc/native/libsoc__native__inf_clock.a(soc.c.obj)
                                         0xd8 (size before relaxing)
 .eh_frame      0x0000000000000610       0x40 zephyr/soc/soc/native/libsoc__native__inf_clock.a(native_tasks.c.obj)
 .eh_frame      0x0000000000000650        0x0 zephyr/soc/soc/native/libsoc__native__inf_clock.a(native_remap.c.obj)
                                         0x28 (size before relaxing)
 .eh_frame      0x0000000000000650        0x0 zephyr/boards/native/native_sim/libboards__native__native_sim.a(cmdline.c.obj)
                                         0x50 (size before relaxing)
 .eh_frame      0x0000000000000650        0x0 zephyr/boards/native/native_sim/libboards__native__native_sim.a(cpu_wait.c.obj)
                                         0x68 (size before relaxing)
 .eh_frame      0x0000000000000650       0x90 zephyr/boards/native/native_sim/libboards__native__native_sim.a(nsi_if.c.obj)
 .eh_frame      0x00000000000006e0      0x100 zephyr/boards/native/native_sim/libboards__native__native_sim.a(irq_handler.c.obj)
                                        0x160 (size before relaxing)
 .eh_frame      0x00000000000007e0       0x28 zephyr/boards/native/native_sim/libboards__native__native_sim.a(misc.c.obj)
 .eh_frame      0x0000000000000808       0x70 zephyr/boards/native/native_sim/libboards__native__native_sim.a(posix_arch_if.c.obj)
                                        0x108 (size before relaxing)
 .eh_frame      0x0000000000000878       0x60 zephyr/drivers/console/libdrivers__console.a(posix_arch_console.c.obj)
                                         0x80 (size before relaxing)
 .eh_frame      0x00000000000008d8      0x290 zephyr/drivers/gpio/libdrivers__gpio.a(gpio_emul.c.obj)
                                        0x348 (size before relaxing)
 .eh_frame      0x0000000000000b68        0x0 zephyr/drivers/i2c/libdrivers__i2c.a(i2c_common.c.obj)
                                         0x28 (size before relaxing)
 .eh_frame      0x0000000000000b68        0x0 zephyr/drivers/timer/libdrivers__timer.a(sys_clock_init.c.obj)
                                         0x40 (size before relaxing)
 .eh_frame      0x0000000000000b68       0x80 zephyr/drivers/timer/libdrivers__timer.a(native_sim_timer.c.obj)
                                         0xe0 (size before relaxing)
 .eh_frame      0x0000000000000be8        0x0 zephyr/kernel/libkernel.a(busy_wait.c.obj)
                                         0x28 (size before relaxing)
 .eh_frame      0x0000000000000be8       0x38 zephyr/kernel/libkernel.a(device.c.obj)
                                         0xb8 (size before relaxing)
 .eh_frame      0x0000000000000c20       0x58 zephyr/kernel/libkernel.a(fatal.c.obj)
                                         0x88 (size before relaxing)
 .eh_frame      0x0000000000000c78       0xb8 zephyr/kernel/libkernel.a(init.c.obj)
                                         0xf0 (size before relaxing)
 .eh_frame      0x0000000000000d30        0x0 zephyr/kernel/libkernel.a(float.c.obj)
                                         0x40 (size before relaxing)
 .eh_frame      0x0000000000000d30       0x30 zephyr/kernel/libkernel.a(idle.c.obj)
                                         0x40 (size before relaxing)
 .eh_frame      0x0000000000000d60        0x0 zephyr/kernel/libkernel.a(msg_q.c.obj)
                                        0x1f8 (size before relaxing)
 .eh_frame      0x0000000000000d60        0x0 zephyr/kernel/libkernel.a(mutex.c.obj)
                                         0xa0 (size before relaxing)
 .eh_frame      0x0000000000000d60        0x0 zephyr/kernel/libkernel.a(queue.c.obj)
                                        0x238 (size before relaxing)
 .eh_frame      0x0000000000000d60       0x48 zephyr/kernel/libkernel.a(sem.c.obj)
                                         0xc0 (size before relaxing)
 .eh_frame      0x0000000000000da8        0x0 zephyr/kernel/libkernel.a(stack.c.obj)
                                         0xf0 (size before relaxing)
 .eh_frame      0x0000000000000da8       0xd8 zephyr/kernel/libkernel.a(work.c.obj)
                                        0x478 (size before relaxing)
 .eh_frame      0x0000000000000e80        0x0 zephyr/kernel/libkernel.a(condvar.c.obj)
                                         0xc8 (size before relaxing)
 .eh_frame      0x0000000000000e80       0xa0 zephyr/kernel/libkernel.a(thread.c.obj)
                                        0x190 (size before relaxing)
 .eh_frame      0x0000000000000f20      0x378 zephyr/kernel/libkernel.a(sched.c.obj)
                                        0x688 (size before relaxing)
 .eh_frame      0x0000000000001298        0x0 zephyr/kernel/libkernel.a(pipe.c.obj)
                                        0x148 (size before relaxing)
 .eh_frame      0x0000000000001298       0x98 zephyr/kernel/libkernel.a(timeslicing.c.obj)
                                         0xc0 (size before relaxing)
 .eh_frame      0x0000000000001330      0x108 zephyr/kernel/libkernel.a(timeout.c.obj)
                                        0x238 (size before relaxing)
 .eh_frame      0x0000000000001438        0x0 zephyr/kernel/libkernel.a(timer.c.obj)
                                        0x110 (size before relaxing)
 .eh_frame      0x0000000000001438       0x78 zephyr/kernel/libkernel.a(poll.c.obj)
                                        0x270 (size before relaxing)
 .eh_frame      0x00000000000014b0        0x0 zephyr/kernel/libkernel.a(mempool.c.obj)
                                         0x98 (size before relaxing)
 .eh_frame      0x00000000000014b0        0x0 zephyr/kernel/libkernel.a(dynamic_disabled.c.obj)
                                         0x40 (size before relaxing)
 .eh_frame      0x00000000000014b0       0x28 zephyr/kernel/libkernel.a(banner.c.obj)
 .eh_frame      0x00000000000014d8       0x50 zephyr/kernel/libkernel.a(kheap.c.obj)
                                        0x188 (size before relaxing)
 .eh_frame      0x0000000000001528       0x38 zephyr/kernel/libkernel.a(system_work_q.c.obj)
 .eh_frame      0x0000000000001560        0x0 /usr/lib/gcc/aarch64-linux-gnu/15/libgcc.a(ldclr_8_4.o)
                                         0x28 (size before relaxing)
 .eh_frame      0x0000000000001560        0x0 /usr/lib/gcc/aarch64-linux-gnu/15/libgcc.a(ldset_8_4.o)
                                         0x28 (size before relaxing)
 .eh_frame      0x0000000000001560       0x38 /usr/lib/gcc/aarch64-linux-gnu/15/libgcc.a(lse-init.o)
 .eh_frame      0x0000000000001598       0x48 rust/target/aarch64-unknown-none/release/librustapp.a(rustapp-aafd69d358d8569b.rustapp.ba7a41e3cc0b85f5-cgu.0.rcgu.o)
 .eh_frame      0x00000000000015e0       0xc8 rust/target/aarch64-unknown-none/release/librustapp.a(zephyr-02f735a6a56b3de7.zephyr.e60354ef850b313f-cgu.1.rcgu.o)
                                        0x4f8 (size before relaxing)
 .eh_frame      0x00000000000016a8        0x0 rust/target/aarch64-unknown-none/release/librustapp.a(log-8ffa7943b152cfdb.log.41c992d4c8443fd0-cgu.0.rcgu.o)
                                        0x148 (size before relaxing)
 .eh_frame      0x00000000000016a8        0x0 rust/target/aarch64-unknown-none/release/librustapp.a(alloc-c874c8d6ab3bab0d.alloc.5d13b6cf62b1258a-cgu.0.rcgu.o)
                                       0x1270 (size before relaxing)
 .eh_frame      0x00000000000016a8      0x308 rust/target/aarch64-unknown-none/release/librustapp.a(core-1e028c497e00fdd6.core.8277119056f6e37b-cgu.0.rcgu.o)
                                       0x50d8 (size before relaxing)
 .eh_frame      0x00000000000019b0        0x0 rust/target/aarch64-unknown-none/release/librustapp.a(compiler_builtins-3ee7e62f28e6961c.compiler_builtins.58091e693fb95d42-cgu.101.rcgu.o)
                                         0x28 (size before relaxing)
 .eh_frame      0x00000000000019b0       0x28 rust/target/aarch64-unknown-none/release/librustapp.a(compiler_builtins-3ee7e62f28e6961c.compiler_builtins.58091e693fb95d42-cgu.127.rcgu.o)
 .eh_frame      0x00000000000019d8        0x0 rust/target/aarch64-unknown-none/release/librustapp.a(compiler_builtins-3ee7e62f28e6961c.compiler_builtins.58091e693fb95d42-cgu.162.rcgu.o)
                                         0x28 (size before relaxing)
 .eh_frame      0x00000000000019d8        0x0 rust/target/aarch64-unknown-none/release/librustapp.a(compiler_builtins-3ee7e62f28e6961c.compiler_builtins.58091e693fb95d42-cgu.183.rcgu.o)
                                         0x40 (size before relaxing)
 .eh_frame      0x00000000000019d8        0x0 rust/target/aarch64-unknown-none/release/librustapp.a(compiler_builtins-3ee7e62f28e6961c.compiler_builtins.58091e693fb95d42-cgu.239.rcgu.o)
                                         0x28 (size before relaxing)
 .eh_frame      0x00000000000019d8       0x28 rust/target/aarch64-unknown-none/release/librustapp.a(compiler_builtins-3ee7e62f28e6961c.compiler_builtins.58091e693fb95d42-cgu.319.rcgu.o)
 .eh_frame      0x0000000000001a00        0x0 rust/target/aarch64-unknown-none/release/librustapp.a(rustapp-aafd69d358d8569b.elt8emya45i942pq27lf6tngn.rcgu.o)
                                         0x40 (size before relaxing)
 .eh_frame      0x0000000000001a00       0x2c rust/target/aarch64-unknown-none/release/librustapp.a(zephyr-02f735a6a56b3de7.zephyr.e60354ef850b313f-cgu.0.rcgu.o)
                                        0x4e8 (size before relaxing)
 .eh_frame      0x0000000000001a2c        0x0 rust/target/aarch64-unknown-none/release/librustapp.a(embassy_sync-058db470442f8e09.embassy_sync.1b50316e0d389086-cgu.0.rcgu.o)
                                        0x278 (size before relaxing)
 .eh_frame      0x0000000000001a2c        0x0 rust/target/aarch64-unknown-none/release/librustapp.a(compiler_builtins-3ee7e62f28e6961c.compiler_builtins.58091e693fb95d42-cgu.019.rcgu.o)
                                         0x50 (size before relaxing)
 .eh_frame      0x0000000000001a2c        0x0 rust/target/aarch64-unknown-none/release/librustapp.a(compiler_builtins-3ee7e62f28e6961c.compiler_builtins.58091e693fb95d42-cgu.030.rcgu.o)
                                         0x28 (size before relaxing)

.sframe
 *(SORT_BY_ALIGNMENT(.sframe))

.gcc_except_table
 *(SORT_BY_ALIGNMENT(.gcc_except_table))

.gnu_extab
 *(SORT_BY_ALIGNMENT(.gnu_extab*))

.exception_ranges
 *(SORT_BY_ALIGNMENT(.exception_ranges))

.eh_frame
 *(SORT_BY_ALIGNMENT(.eh_frame))

.sframe
 *(SORT_BY_ALIGNMENT(.sframe))

.gnu_extab
 *(SORT_BY_ALIGNMENT(.gnu_extab))

.gcc_except_table
 *(SORT_BY_ALIGNMENT(.gcc_except_table))

.exception_ranges
 *(SORT_BY_ALIGNMENT(.exception_ranges))

.tdata
 *(SORT_BY_ALIGNMENT(.tdata))

.tbss
 *(SORT_BY_ALIGNMENT(.tbss))

.jcr
 *(SORT_BY_ALIGNMENT(.jcr))

.dynamic
 *(SORT_BY_ALIGNMENT(.dynamic))

.got
 *(SORT_BY_ALIGNMENT(.got))

.got.plt
 *(SORT_BY_ALIGNMENT(.got.plt))

.data
 *(SORT_BY_ALIGNMENT(.data))
LOAD zephyr/CMakeFiles/zephyr_pre0.dir/misc/empty_file.c.obj
LOAD zephyr/CMakeFiles/offsets.dir/./arch/posix/core/offsets/offsets.c.obj
LOAD app/libapp.a
LOAD zephyr/libzephyr.a
LOAD zephyr/arch/common/libarch__common.a
LOAD zephyr/arch/arch/posix/core/libarch__posix__core.a
LOAD zephyr/soc/soc/native/libsoc__native__inf_clock.a
LOAD zephyr/boards/native/native_sim/libboards__native__native_sim.a
LOAD zephyr/drivers/console/libdrivers__console.a
LOAD zephyr/drivers/gpio/libdrivers__gpio.a
LOAD zephyr/drivers/i2c/libdrivers__i2c.a
LOAD zephyr/drivers/timer/libdrivers__timer.a
LOAD zephyr/kernel/libkernel.a
LOAD /usr/lib/gcc/aarch64-linux-gnu/15/libgcc.a
LOAD rust/target/aarch64-unknown-none/release/librustapp.a
LOAD /usr/lib/gcc/aarch64-linux-gnu/15/libgcc.a

.data.rel.local._char_out
                0x0000000000000000        0x8
 .data.rel.local._char_out
                0x0000000000000000        0x8 zephyr/libzephyr.a(printk.c.obj)

.data.rel.ro.native_pre_tasks.0
                0x0000000000000000       0x30
 .data.rel.ro.native_pre_tasks.0
                0x0000000000000000       0x30 zephyr/soc/soc/native/libsoc__native__inf_clock.a(native_tasks.c.obj)

.data.currently_running_irq
                0x0000000000000000        0x4
 .data.currently_running_irq
                0x0000000000000000        0x4 zephyr/boards/native/native_sim/libboards__native__native_sim.a(irq_handler.c.obj)

.data.rel.local.gpio_emul_data_0
                0x0000000000000000       0x30
 .data.rel.local.gpio_emul_data_0
                0x0000000000000000       0x30 zephyr/drivers/gpio/libdrivers__gpio.a(gpio_emul.c.obj)

.data.rel.ro.levels.0
                0x0000000000000000       0x30
 .data.rel.ro.levels.0
                0x0000000000000000       0x30 zephyr/kernel/libkernel.a(init.c.obj)

.data.slice_ticks
                0x0000000000000000        0x4
 .data.slice_ticks
                0x0000000000000000        0x4 zephyr/kernel/libkernel.a(timeslicing.c.obj)

.data.rel.local.timeout_list
                0x0000000000000000       0x10
 .data.rel.local.timeout_list
                0x0000000000000000       0x10 zephyr/kernel/libkernel.a(timeout.c.obj)

.data.rel.ro.local.cfg.0
                0x0000000000000000       0x10
 .data.rel.ro.local.cfg.0
                0x0000000000000000       0x10 zephyr/kernel/libkernel.a(system_work_q.c.obj)

.native_sim_if.data
 *(SORT_BY_ALIGNMENT(.native_sim_if.data))

rom_start

initlevel       0x0000000000000010       0x50
                0x0000000000000010                __init_start = .
                0x0000000000000010                __init_EARLY_start = .
 *(SORT_BY_NAME(SORT_BY_ALIGNMENT(.z_init_EARLY_P_?_*)))
 *(SORT_BY_NAME(SORT_BY_ALIGNMENT(.z_init_EARLY_P_??_*)))
 *(SORT_BY_NAME(SORT_BY_ALIGNMENT(.z_init_EARLY_P_???_*)))
                0x0000000000000010                __init_PRE_KERNEL_1_start = .
 *(SORT_BY_NAME(SORT_BY_ALIGNMENT(.z_init_PRE_KERNEL_1_P_?_*)))
 *(SORT_BY_NAME(SORT_BY_ALIGNMENT(.z_init_PRE_KERNEL_1_P_??_*)))
 .z_init_PRE_KERNEL_1_P_30_SUB_0_
                0x0000000000000010       0x10 zephyr/kernel/libkernel.a(kheap.c.obj)
 .z_init_PRE_KERNEL_1_P_99_SUB_0_
                0x0000000000000020       0x10 zephyr/drivers/console/libdrivers__console.a(posix_arch_console.c.obj)
 *(SORT_BY_NAME(SORT_BY_ALIGNMENT(.z_init_PRE_KERNEL_1_P_???_*)))
                0x0000000000000030                __init_PRE_KERNEL_2_start = .
 *(SORT_BY_NAME(SORT_BY_ALIGNMENT(.z_init_PRE_KERNEL_2_P_?_*)))
 .z_init_PRE_KERNEL_2_P_0_SUB_0_
                0x0000000000000030       0x10 zephyr/drivers/timer/libdrivers__timer.a(native_sim_timer.c.obj)
 *(SORT_BY_NAME(SORT_BY_ALIGNMENT(.z_init_PRE_KERNEL_2_P_??_*)))
 *(SORT_BY_NAME(SORT_BY_ALIGNMENT(.z_init_PRE_KERNEL_2_P_???_*)))
                0x0000000000000040                __init_POST_KERNEL_start = .
 *(SORT_BY_NAME(SORT_BY_ALIGNMENT(.z_init_POST_KERNEL_P_?_*)))
 *(SORT_BY_NAME(SORT_BY_ALIGNMENT(.z_init_POST_KERNEL_P_??_*)))
 .z_init_POST_KERNEL_P_40_SUB_00032_
                0x0000000000000040       0x10 zephyr/drivers/gpio/libdrivers__gpio.a(gpio_emul.c.obj)
 .z_init_POST_KERNEL_P_40_SUB_0_
                0x0000000000000050       0x10 zephyr/kernel/libkernel.a(system_work_q.c.obj)
 *(SORT_BY_NAME(SORT_BY_ALIGNMENT(.z_init_POST_KERNEL_P_???_*)))
                0x0000000000000060                __init_APPLICATION_start = .
 *(SORT_BY_NAME(SORT_BY_ALIGNMENT(.z_init_APPLICATION_P_?_*)))
 *(SORT_BY_NAME(SORT_BY_ALIGNMENT(.z_init_APPLICATION_P_??_*)))
 *(SORT_BY_NAME(SORT_BY_ALIGNMENT(.z_init_APPLICATION_P_???_*)))
                0x0000000000000060                __init_SMP_start = .
 *(SORT_BY_NAME(SORT_BY_ALIGNMENT(.z_init_SMP_P_?_*)))
 *(SORT_BY_NAME(SORT_BY_ALIGNMENT(.z_init_SMP_P_??_*)))
 *(SORT_BY_NAME(SORT_BY_ALIGNMENT(.z_init_SMP_P_???_*)))
                0x0000000000000060                __init_end = .

device_area     0x0000000000000060       0x38
                0x0000000000000060                _device_list_start = .
 *(SORT_BY_NAME(SORT_BY_ALIGNMENT(._device.static.*_?_*)))
 *(SORT_BY_NAME(SORT_BY_ALIGNMENT(._device.static.*_??_*)))
 ._device.static.3_40_
                0x0000000000000060       0x38 zephyr/drivers/gpio/libdrivers__gpio.a(gpio_emul.c.obj)
                0x0000000000000060                __device_dts_ord_32
 *(SORT_BY_NAME(SORT_BY_ALIGNMENT(._device.static.*_???_*)))
 *(SORT_BY_NAME(SORT_BY_ALIGNMENT(._device.static.*_????_*)))
 *(SORT_BY_NAME(SORT_BY_ALIGNMENT(._device.static.*_?????_*)))
                0x0000000000000098                _device_list_end = .

initlevel_error
 *(SORT_BY_NAME(SORT_BY_ALIGNMENT(.z_init_*)))
                0x0000000000000001                ASSERT ((SIZEOF (initlevel_error) == 0x0), Undefined initialization levels used.)

app_shmem_regions
                0x0000000000000098        0x0
                0x0000000000000098                __app_shmem_regions_start = .
 *(SORT_BY_NAME(SORT_BY_ALIGNMENT(.app_regions.*)))
                0x0000000000000098                __app_shmem_regions_end = .

k_p4wq_initparam_area
                0x0000000000000098        0x0
                0x0000000000000098                _k_p4wq_initparam_list_start = .
 *(SORT_BY_NAME(SORT_BY_ALIGNMENT(._k_p4wq_initparam.static.*)))
                0x0000000000000098                _k_p4wq_initparam_list_end = .

_static_thread_data_area
                0x0000000000000098        0x0
                0x0000000000000098                __static_thread_data_list_start = .
 *(SORT_BY_NAME(SORT_BY_ALIGNMENT(.__static_thread_data.static.*)))
                0x0000000000000098                __static_thread_data_list_end = .

device_deps     0x0000000000000098        0x0
                0x0000000000000098                __device_deps_start = .
 *(SORT_BY_NAME(SORT_BY_ALIGNMENT(.__device_deps_pass2*)))
                0x0000000000000098                __device_deps_end = .

gpio_driver_api_area
                0x0000000000000098       0x48
                0x0000000000000098                _gpio_driver_api_list_start = .
 *(SORT_BY_NAME(SORT_BY_ALIGNMENT(._gpio_driver_api.static.*)))
 ._gpio_driver_api.static.gpio_emul_driver_
                0x0000000000000098       0x48 zephyr/drivers/gpio/libdrivers__gpio.a(gpio_emul.c.obj)
                0x00000000000000e0                _gpio_driver_api_list_end = .

i2c_driver_api_area
                0x00000000000000e0        0x0
                0x00000000000000e0                _i2c_driver_api_list_start = .
 *(SORT_BY_NAME(SORT_BY_ALIGNMENT(._i2c_driver_api.static.*)))
                0x00000000000000e0                _i2c_driver_api_list_end = .

i2c_target_driver_api_area
                0x00000000000000e0        0x0
                0x00000000000000e0                _i2c_target_driver_api_list_start = .
 *(SORT_BY_NAME(SORT_BY_ALIGNMENT(._i2c_target_driver_api.static.*)))
                0x00000000000000e0                _i2c_target_driver_api_list_end = .

sensor_driver_api_area
                0x00000000000000e0        0x0
                0x00000000000000e0                _sensor_driver_api_list_start = .
 *(SORT_BY_NAME(SORT_BY_ALIGNMENT(._sensor_driver_api.static.*)))
                0x00000000000000e0                _sensor_driver_api_list_end = .

shared_irq_driver_api_area
                0x00000000000000e0        0x0
                0x00000000000000e0                _shared_irq_driver_api_list_start = .
 *(SORT_BY_NAME(SORT_BY_ALIGNMENT(._shared_irq_driver_api.static.*)))
                0x00000000000000e0                _shared_irq_driver_api_list_end = .

crypto_driver_api_area
                0x00000000000000e0        0x0
                0x00000000000000e0                _crypto_driver_api_list_start = .
 *(SORT_BY_NAME(SORT_BY_ALIGNMENT(._crypto_driver_api.static.*)))
                0x00000000000000e0                _crypto_driver_api_list_end = .

adc_driver_api_area
                0x00000000000000e0        0x0
                0x00000000000000e0                _adc_driver_api_list_start = .
 *(SORT_BY_NAME(SORT_BY_ALIGNMENT(._adc_driver_api.static.*)))
                0x00000000000000e0                _adc_driver_api_list_end = .

auxdisplay_driver_api_area
                0x00000000000000e0        0x0
                0x00000000000000e0                _auxdisplay_driver_api_list_start = .
 *(SORT_BY_NAME(SORT_BY_ALIGNMENT(._auxdisplay_driver_api.static.*)))
                0x00000000000000e0                _auxdisplay_driver_api_list_end = .

bbram_driver_api_area
                0x00000000000000e0        0x0
                0x00000000000000e0                _bbram_driver_api_list_start = .
 *(SORT_BY_NAME(SORT_BY_ALIGNMENT(._bbram_driver_api.static.*)))
                0x00000000000000e0                _bbram_driver_api_list_end = .

biometric_driver_api_area
                0x00000000000000e0        0x0
                0x00000000000000e0                _biometric_driver_api_list_start = .
 *(SORT_BY_NAME(SORT_BY_ALIGNMENT(._biometric_driver_api.static.*)))
                0x00000000000000e0                _biometric_driver_api_list_end = .

bt_hci_driver_api_area
                0x00000000000000e0        0x0
                0x00000000000000e0                _bt_hci_driver_api_list_start = .
 *(SORT_BY_NAME(SORT_BY_ALIGNMENT(._bt_hci_driver_api.static.*)))
                0x00000000000000e0                _bt_hci_driver_api_list_end = .

can_driver_api_area
                0x00000000000000e0        0x0
                0x00000000000000e0                _can_driver_api_list_start = .
 *(SORT_BY_NAME(SORT_BY_ALIGNMENT(._can_driver_api.static.*)))
                0x00000000000000e0                _can_driver_api_list_end = .

cellular_driver_api_area
                0x00000000000000e0        0x0
                0x00000000000000e0                _cellular_driver_api_list_start = .
 *(SORT_BY_NAME(SORT_BY_ALIGNMENT(._cellular_driver_api.static.*)))
                0x00000000000000e0                _cellular_driver_api_list_end = .

charger_driver_api_area
                0x00000000000000e0        0x0
                0x00000000000000e0                _charger_driver_api_list_start = .
 *(SORT_BY_NAME(SORT_BY_ALIGNMENT(._charger_driver_api.static.*)))
                0x00000000000000e0                _charger_driver_api_list_end = .

clock_control_driver_api_area
                0x00000000000000e0        0x0
                0x00000000000000e0                _clock_control_driver_api_list_start = .
 *(SORT_BY_NAME(SORT_BY_ALIGNMENT(._clock_control_driver_api.static.*)))
                0x00000000000000e0                _clock_control_driver_api_list_end = .

comparator_driver_api_area
                0x00000000000000e0        0x0
                0x00000000000000e0                _comparator_driver_api_list_start = .
 *(SORT_BY_NAME(SORT_BY_ALIGNMENT(._comparator_driver_api.static.*)))
                0x00000000000000e0                _comparator_driver_api_list_end = .

coredump_driver_api_area
                0x00000000000000e0        0x0
                0x00000000000000e0                _coredump_driver_api_list_start = .
 *(SORT_BY_NAME(SORT_BY_ALIGNMENT(._coredump_driver_api.static.*)))
                0x00000000000000e0                _coredump_driver_api_list_end = .

counter_driver_api_area
                0x00000000000000e0        0x0
                0x00000000000000e0                _counter_driver_api_list_start = .
 *(SORT_BY_NAME(SORT_BY_ALIGNMENT(._counter_driver_api.static.*)))
                0x00000000000000e0                _counter_driver_api_list_end = .

crc_driver_api_area
                0x00000000000000e0        0x0
                0x00000000000000e0                _crc_driver_api_list_start = .
 *(SORT_BY_NAME(SORT_BY_ALIGNMENT(._crc_driver_api.static.*)))
                0x00000000000000e0                _crc_driver_api_list_end = .

dac_driver_api_area
                0x00000000000000e0        0x0
                0x00000000000000e0                _dac_driver_api_list_start = .
 *(SORT_BY_NAME(SORT_BY_ALIGNMENT(._dac_driver_api.static.*)))
                0x00000000000000e0                _dac_driver_api_list_end = .

dai_driver_api_area
                0x00000000000000e0        0x0
                0x00000000000000e0                _dai_driver_api_list_start = .
 *(SORT_BY_NAME(SORT_BY_ALIGNMENT(._dai_driver_api.static.*)))
                0x00000000000000e0                _dai_driver_api_list_end = .

display_driver_api_area
                0x00000000000000e0        0x0
                0x00000000000000e0                _display_driver_api_list_start = .
 *(SORT_BY_NAME(SORT_BY_ALIGNMENT(._display_driver_api.static.*)))
                0x00000000000000e0                _display_driver_api_list_end = .

dma_driver_api_area
                0x00000000000000e0        0x0
                0x00000000000000e0                _dma_driver_api_list_start = .
 *(SORT_BY_NAME(SORT_BY_ALIGNMENT(._dma_driver_api.static.*)))
                0x00000000000000e0                _dma_driver_api_list_end = .

edac_driver_api_area
                0x00000000000000e0        0x0
                0x00000000000000e0                _edac_driver_api_list_start = .
 *(SORT_BY_NAME(SORT_BY_ALIGNMENT(._edac_driver_api.static.*)))
                0x00000000000000e0                _edac_driver_api_list_end = .

eeprom_driver_api_area
                0x00000000000000e0        0x0
                0x00000000000000e0                _eeprom_driver_api_list_start = .
 *(SORT_BY_NAME(SORT_BY_ALIGNMENT(._eeprom_driver_api.static.*)))
                0x00000000000000e0                _eeprom_driver_api_list_end = .

emul_bbram_driver_api_area
                0x00000000000000e0        0x0
                0x00000000000000e0                _emul_bbram_driver_api_list_start = .
 *(SORT_BY_NAME(SORT_BY_ALIGNMENT(._emul_bbram_driver_api.static.*)))
                0x00000000000000e0                _emul_bbram_driver_api_list_end = .

fuel_gauge_emul_driver_api_area
                0x00000000000000e0        0x0
                0x00000000000000e0                _fuel_gauge_emul_driver_api_list_start = .
 *(SORT_BY_NAME(SORT_BY_ALIGNMENT(._fuel_gauge_emul_driver_api.static.*)))
                0x00000000000000e0                _fuel_gauge_emul_driver_api_list_end = .

emul_sensor_driver_api_area
                0x00000000000000e0        0x0
                0x00000000000000e0                _emul_sensor_driver_api_list_start = .
 *(SORT_BY_NAME(SORT_BY_ALIGNMENT(._emul_sensor_driver_api.static.*)))
                0x00000000000000e0                _emul_sensor_driver_api_list_end = .

entropy_driver_api_area
                0x00000000000000e0        0x0
                0x00000000000000e0                _entropy_driver_api_list_start = .
 *(SORT_BY_NAME(SORT_BY_ALIGNMENT(._entropy_driver_api.static.*)))
                0x00000000000000e0                _entropy_driver_api_list_end = .

espi_driver_api_area
                0x00000000000000e0        0x0
                0x00000000000000e0                _espi_driver_api_list_start = .
 *(SORT_BY_NAME(SORT_BY_ALIGNMENT(._espi_driver_api.static.*)))
                0x00000000000000e0                _espi_driver_api_list_end = .

espi_saf_driver_api_area
                0x00000000000000e0        0x0
                0x00000000000000e0                _espi_saf_driver_api_list_start = .
 *(SORT_BY_NAME(SORT_BY_ALIGNMENT(._espi_saf_driver_api.static.*)))
                0x00000000000000e0                _espi_saf_driver_api_list_end = .

flash_driver_api_area
                0x00000000000000e0        0x0
                0x00000000000000e0                _flash_driver_api_list_start = .
 *(SORT_BY_NAME(SORT_BY_ALIGNMENT(._flash_driver_api.static.*)))
                0x00000000000000e0                _flash_driver_api_list_end = .

fpga_driver_api_area
                0x00000000000000e0        0x0
                0x00000000000000e0                _fpga_driver_api_list_start = .
 *(SORT_BY_NAME(SORT_BY_ALIGNMENT(._fpga_driver_api.static.*)))
                0x00000000000000e0                _fpga_driver_api_list_end = .

fuel_gauge_driver_api_area
                0x00000000000000e0        0x0
                0x00000000000000e0                _fuel_gauge_driver_api_list_start = .
 *(SORT_BY_NAME(SORT_BY_ALIGNMENT(._fuel_gauge_driver_api.static.*)))
                0x00000000000000e0                _fuel_gauge_driver_api_list_end = .

gnss_driver_api_area
                0x00000000000000e0        0x0
                0x00000000000000e0                _gnss_driver_api_list_start = .
 *(SORT_BY_NAME(SORT_BY_ALIGNMENT(._gnss_driver_api.static.*)))
                0x00000000000000e0                _gnss_driver_api_list_end = .

haptics_driver_api_area
                0x00000000000000e0        0x0
                0x00000000000000e0                _haptics_driver_api_list_start = .
 *(SORT_BY_NAME(SORT_BY_ALIGNMENT(._haptics_driver_api.static.*)))
                0x00000000000000e0                _haptics_driver_api_list_end = .

hwspinlock_driver_api_area
                0x00000000000000e0        0x0
                0x00000000000000e0                _hwspinlock_driver_api_list_start = .
 *(SORT_BY_NAME(SORT_BY_ALIGNMENT(._hwspinlock_driver_api.static.*)))
                0x00000000000000e0                _hwspinlock_driver_api_list_end = .

i2s_driver_api_area
                0x00000000000000e0        0x0
                0x00000000000000e0                _i2s_driver_api_list_start = .
 *(SORT_BY_NAME(SORT_BY_ALIGNMENT(._i2s_driver_api.static.*)))
                0x00000000000000e0                _i2s_driver_api_list_end = .

i3c_driver_api_area
                0x00000000000000e0        0x0
                0x00000000000000e0                _i3c_driver_api_list_start = .
 *(SORT_BY_NAME(SORT_BY_ALIGNMENT(._i3c_driver_api.static.*)))
                0x00000000000000e0                _i3c_driver_api_list_end = .

ipm_driver_api_area
                0x00000000000000e0        0x0
                0x00000000000000e0                _ipm_driver_api_list_start = .
 *(SORT_BY_NAME(SORT_BY_ALIGNMENT(._ipm_driver_api.static.*)))
                0x00000000000000e0                _ipm_driver_api_list_end = .

led_driver_api_area
                0x00000000000000e0        0x0
                0x00000000000000e0                _led_driver_api_list_start = .
 *(SORT_BY_NAME(SORT_BY_ALIGNMENT(._led_driver_api.static.*)))
                0x00000000000000e0                _led_driver_api_list_end = .

led_strip_driver_api_area
                0x00000000000000e0        0x0
                0x00000000000000e0                _led_strip_driver_api_list_start = .
 *(SORT_BY_NAME(SORT_BY_ALIGNMENT(._led_strip_driver_api.static.*)))
                0x00000000000000e0                _led_strip_driver_api_list_end = .

lora_driver_api_area
                0x00000000000000e0        0x0
                0x00000000000000e0                _lora_driver_api_list_start = .
 *(SORT_BY_NAME(SORT_BY_ALIGNMENT(._lora_driver_api.static.*)))
                0x00000000000000e0                _lora_driver_api_list_end = .

mbox_driver_api_area
                0x00000000000000e0        0x0
                0x00000000000000e0                _mbox_driver_api_list_start = .
 *(SORT_BY_NAME(SORT_BY_ALIGNMENT(._mbox_driver_api.static.*)))
                0x00000000000000e0                _mbox_driver_api_list_end = .

mdio_driver_api_area
                0x00000000000000e0        0x0
                0x00000000000000e0                _mdio_driver_api_list_start = .
 *(SORT_BY_NAME(SORT_BY_ALIGNMENT(._mdio_driver_api.static.*)))
                0x00000000000000e0                _mdio_driver_api_list_end = .

mipi_dbi_driver_api_area
                0x00000000000000e0        0x0
                0x00000000000000e0                _mipi_dbi_driver_api_list_start = .
 *(SORT_BY_NAME(SORT_BY_ALIGNMENT(._mipi_dbi_driver_api.static.*)))
                0x00000000000000e0                _mipi_dbi_driver_api_list_end = .

mipi_dsi_driver_api_area
                0x00000000000000e0        0x0
                0x00000000000000e0                _mipi_dsi_driver_api_list_start = .
 *(SORT_BY_NAME(SORT_BY_ALIGNMENT(._mipi_dsi_driver_api.static.*)))
                0x00000000000000e0                _mipi_dsi_driver_api_list_end = .

mspi_driver_api_area
                0x00000000000000e0        0x0
                0x00000000000000e0                _mspi_driver_api_list_start = .
 *(SORT_BY_NAME(SORT_BY_ALIGNMENT(._mspi_driver_api.static.*)))
                0x00000000000000e0                _mspi_driver_api_list_end = .

opamp_driver_api_area
                0x00000000000000e0        0x0
                0x00000000000000e0                _opamp_driver_api_list_start = .
 *(SORT_BY_NAME(SORT_BY_ALIGNMENT(._opamp_driver_api.static.*)))
                0x00000000000000e0                _opamp_driver_api_list_end = .

otp_driver_api_area
                0x00000000000000e0        0x0
                0x00000000000000e0                _otp_driver_api_list_start = .
 *(SORT_BY_NAME(SORT_BY_ALIGNMENT(._otp_driver_api.static.*)))
                0x00000000000000e0                _otp_driver_api_list_end = .

peci_driver_api_area
                0x00000000000000e0        0x0
                0x00000000000000e0                _peci_driver_api_list_start = .
 *(SORT_BY_NAME(SORT_BY_ALIGNMENT(._peci_driver_api.static.*)))
                0x00000000000000e0                _peci_driver_api_list_end = .

ps2_driver_api_area
                0x00000000000000e0        0x0
                0x00000000000000e0                _ps2_driver_api_list_start = .
 *(SORT_BY_NAME(SORT_BY_ALIGNMENT(._ps2_driver_api.static.*)))
                0x00000000000000e0                _ps2_driver_api_list_end = .

ptp_clock_driver_api_area
                0x00000000000000e0        0x0
                0x00000000000000e0                _ptp_clock_driver_api_list_start = .
 *(SORT_BY_NAME(SORT_BY_ALIGNMENT(._ptp_clock_driver_api.static.*)))
                0x00000000000000e0                _ptp_clock_driver_api_list_end = .

pwm_driver_api_area
                0x00000000000000e0        0x0
                0x00000000000000e0                _pwm_driver_api_list_start = .
 *(SORT_BY_NAME(SORT_BY_ALIGNMENT(._pwm_driver_api.static.*)))
                0x00000000000000e0                _pwm_driver_api_list_end = .

regulator_parent_driver_api_area
                0x00000000000000e0        0x0
                0x00000000000000e0                _regulator_parent_driver_api_list_start = .
 *(SORT_BY_NAME(SORT_BY_ALIGNMENT(._regulator_parent_driver_api.static.*)))
                0x00000000000000e0                _regulator_parent_driver_api_list_end = .

regulator_driver_api_area
                0x00000000000000e0        0x0
                0x00000000000000e0                _regulator_driver_api_list_start = .
 *(SORT_BY_NAME(SORT_BY_ALIGNMENT(._regulator_driver_api.static.*)))
                0x00000000000000e0                _regulator_driver_api_list_end = .

reset_driver_api_area
                0x00000000000000e0        0x0
                0x00000000000000e0                _reset_driver_api_list_start = .
 *(SORT_BY_NAME(SORT_BY_ALIGNMENT(._reset_driver_api.static.*)))
                0x00000000000000e0                _reset_driver_api_list_end = .

retained_mem_driver_api_area
                0x00000000000000e0        0x0
                0x00000000000000e0                _retained_mem_driver_api_list_start = .
 *(SORT_BY_NAME(SORT_BY_ALIGNMENT(._retained_mem_driver_api.static.*)))
                0x00000000000000e0                _retained_mem_driver_api_list_end = .

rtc_driver_api_area
                0x00000000000000e0        0x0
                0x00000000000000e0                _rtc_driver_api_list_start = .
 *(SORT_BY_NAME(SORT_BY_ALIGNMENT(._rtc_driver_api.static.*)))
                0x00000000000000e0                _rtc_driver_api_list_end = .

sdhc_driver_api_area
                0x00000000000000e0        0x0
                0x00000000000000e0                _sdhc_driver_api_list_start = .
 *(SORT_BY_NAME(SORT_BY_ALIGNMENT(._sdhc_driver_api.static.*)))
                0x00000000000000e0                _sdhc_driver_api_list_end = .

smbus_driver_api_area